src/components/maps/AdaptiveMapView.tsx(83,51): error TS2304: Cannot find name 'coordinate'.
src/components/maps/AdaptiveMapView.tsx(89,48): error TS2304: Cannot find name 'coordinates'.
src/components/maps/AdaptiveMapView.tsx(225,34): error TS2339: Property 'id' does not exist on type 'OfflineMapRegion'.
src/components/maps/AdaptiveMapView.tsx(264,14): error TS2304: Cannot find name 'coords'.
src/components/maps/AdaptiveMapView.tsx(304,36): error TS2551: Property 'coordinate' does not exist on type 'MapMarker'. Did you mean '_coordinate'?
src/components/maps/AdaptiveMapView.tsx(305,37): error TS2551: Property 'coordinate' does not exist on type 'MapMarker'. Did you mean '_coordinate'?
src/components/maps/AdaptiveMapView.tsx(317,58): error TS2551: Property 'coordinates' does not exist on type 'MapPolyline'. Did you mean '_coordinates'?
src/components/maps/MapLibreView.tsx(121,23): error TS18004: No value exists in scope for the shorthand property 'marker'. Either declare one or provide an initializer.
src/components/maps/MapLibreView.tsx(131,23): error TS18004: No value exists in scope for the shorthand property 'markerId'. Either declare one or provide an initializer.
src/components/maps/MapLibreView.tsx(141,23): error TS18004: No value exists in scope for the shorthand property 'polyline'. Either declare one or provide an initializer.
src/components/maps/MapLibreView.tsx(151,23): error TS18004: No value exists in scope for the shorthand property 'polylineId'. Either declare one or provide an initializer.
src/components/maps/MapLibreView.tsx(235,77): error TS2551: Property 'latitudeDelta' does not exist on type 'MapRegion'. Did you mean '_latitudeDelta'?
src/components/maps/MapLibreView.tsx(511,42): error TS2339: Property 'nativeEvent' does not exist on type 'Event'.
src/components/maps/MapView.tsx(23,37): error TS2304: Cannot find name 'AudioGuidePoint'.
src/components/maps/MapView.tsx(39,18): error TS2304: Cannot find name 'useRef'.
src/components/maps/MapView.tsx(139,15): error TS2304: Cannot find name 'AudioGuidePoint'.
src/components/maps/MapView.tsx(160,19): error TS2304: Cannot find name 'styles'.
src/components/maps/MapView.tsx(163,16): error TS2304: Cannot find name 'styles'.
src/components/maps/MapView.tsx(184,17): error TS2304: Cannot find name 'styles'.
src/components/maps/MapView.tsx(191,65): error TS2304: Cannot find name '_3'.
src/components/maps/MapView.tsx(223,17): error TS2304: Cannot find name 'styles'.
src/components/maps/OfflineMapManager.tsx(107,55): error TS2551: Property 'latitudeDelta' does not exist on type 'MapRegion'. Did you mean '_latitudeDelta'?
src/components/maps/OfflineMapManager.tsx(108,55): error TS2551: Property 'latitudeDelta' does not exist on type 'MapRegion'. Did you mean '_latitudeDelta'?
src/components/maps/OfflineMapManager.tsx(134,53): error TS2551: Property 'latitudeDelta' does not exist on type 'MapRegion'. Did you mean '_latitudeDelta'?
src/components/maps/OfflineMapManager.tsx(135,53): error TS2551: Property 'latitudeDelta' does not exist on type 'MapRegion'. Did you mean '_latitudeDelta'?
src/components/maps/OfflineMapManager.tsx(146,9): error TS2304: Cannot find name 'bytes'.
src/components/maps/OfflineMapManager.tsx(149,35): error TS2304: Cannot find name 'bytes'.
src/components/maps/OfflineMapManager.tsx(150,27): error TS2304: Cannot find name 'bytes'.
src/components/maps/OfflineMapManager.tsx(385,23): error TS2345: Argument of type '{ _totalSize: number; regionCount: number; }' is not assignable to parameter of type 'SetStateAction<{ _totalSize: number; _regionCount: number; }>'.
  Property '_regionCount' is missing in type '{ _totalSize: number; regionCount: number; }' but required in type '{ _totalSize: number; _regionCount: number; }'.
src/components/maps/OfflineMapManager.tsx(414,9): error TS2345: Argument of type 'void' is not assignable to parameter of type 'string'.
src/components/maps/OfflineMapManager.tsx(416,9): error TS2304: Cannot find name 'minZoom'.
src/components/maps/OfflineMapManager.tsx(417,9): error TS2304: Cannot find name 'maxZoom'.
src/components/maps/OfflineMapManager.tsx(418,9): error TS2304: Cannot find name 'styleId'.
src/components/maps/OfflineMapManager.tsx(433,51): error TS2551: Property 'name' does not exist on type 'OfflineMapRegion'. Did you mean '_name'?
src/components/maps/OfflineMapManager.tsx(441,59): error TS2339: Property 'id' does not exist on type 'OfflineMapRegion'.
src/components/maps/OfflineMapManager.tsx(475,9): error TS2304: Cannot find name 'bytes'.
src/components/maps/OfflineMapManager.tsx(478,35): error TS2304: Cannot find name 'bytes'.
src/components/maps/OfflineMapManager.tsx(479,27): error TS2304: Cannot find name 'bytes'.
src/components/maps/OfflineMapManager.tsx(483,12): error TS2304: Cannot find name 'date'.
src/components/maps/OfflineMapManager.tsx(519,47): error TS2551: Property 'regionId' does not exist on type 'DownloadProgress'. Did you mean '_regionId'?
src/components/maps/OfflineMapManager.tsx(531,39): error TS2551: Property 'percentage' does not exist on type 'DownloadProgress'. Did you mean '_percentage'?
src/components/maps/OfflineMapManager.tsx(538,35): error TS2551: Property 'downloaded' does not exist on type 'DownloadProgress'. Did you mean '_downloaded'?
src/components/maps/OfflineMapManager.tsx(543,35): error TS2551: Property 'percentage' does not exist on type 'DownloadProgress'. Did you mean '_percentage'?
src/components/maps/OfflineMapManager.tsx(546,31): error TS2551: Property 'estimatedTimeRemaining' does not exist on type 'DownloadProgress'. Did you mean '_estimatedTimeRemaining'?
src/components/maps/OfflineMapManager.tsx(550,46): error TS2551: Property 'estimatedTimeRemaining' does not exist on type 'DownloadProgress'. Did you mean '_estimatedTimeRemaining'?
src/components/maps/OfflineMapManager.tsx(583,33): error TS2551: Property 'regionCount' does not exist on type '{ _totalSize: number; _regionCount: number; }'. Did you mean '_regionCount'?
src/components/maps/OfflineMapManager.tsx(588,44): error TS2551: Property 'totalSize' does not exist on type '{ _totalSize: number; _regionCount: number; }'. Did you mean '_totalSize'?
src/components/maps/OfflineMapManager.tsx(591,29): error TS2551: Property 'regionCount' does not exist on type '{ _totalSize: number; _regionCount: number; }'. Did you mean '_regionCount'?
src/components/maps/OfflineMapManager.tsx(646,31): error TS2339: Property 'id' does not exist on type 'OfflineMapRegion'.
src/components/maps/OfflineMapManager.tsx(654,31): error TS2551: Property 'name' does not exist on type 'OfflineMapRegion'. Did you mean '_name'?
src/components/maps/OfflineMapManager.tsx(718,37): error TS2551: Property 'minZoom' does not exist on type 'OfflineMapRegion'. Did you mean '_minZoom'?
src/components/maps/OfflineMapManager.tsx(718,54): error TS2551: Property 'maxZoom' does not exist on type 'OfflineMapRegion'. Did you mean '_maxZoom'?
src/components/MapView.tsx(30,43): error TS2304: Cannot find name 'useState'.
src/components/MapView.tsx(38,23): error TS2304: Cannot find name 'state'.
src/components/modern/Card.tsx(7,19): error TS2724: 'React' has no exported member named 'React'. Did you mean 'act'?
src/components/modern/Card.tsx(10,11): error TS2304: Cannot find name 'ViewStyle'.
src/components/modern/Card.tsx(23,17): error TS2304: Cannot find name 'styles'.
src/components/modern/Card.tsx(23,34): error TS2304: Cannot find name 'styles'.
src/components/modern/Card.tsx(32,24): error TS2304: Cannot find name 'styles'.
src/components/modern/Card.tsx(36,11): error TS2304: Cannot find name 'variant'.
src/components/modern/InterestCard.tsx(33,11): error TS2561: Object literal may only specify known properties, but '_useNativeDriver' does not exist in type 'TimingAnimationConfig'. Did you mean to write 'useNativeDriver'?
src/components/modern/InterestCard.tsx(38,11): error TS2561: Object literal may only specify known properties, but '_useNativeDriver' does not exist in type 'TimingAnimationConfig'. Did you mean to write 'useNativeDriver'?
src/components/modern/InterestCard.tsx(65,17): error TS2304: Cannot find name 'styles'.
src/components/modern/InterestCard.tsx(67,56): error TS2304: Cannot find name 'styles'.
src/components/modern/InterestCard.tsx(70,20): error TS2304: Cannot find name 'styles'.
src/components/modern/InterestCard.tsx(74,35): error TS2304: Cannot find name 'styles'.
src/components/modern/InterestCard.tsx(82,23): error TS2304: Cannot find name 'styles'.
src/components/modern/InterestCard.tsx(90,17): error TS2304: Cannot find name 'styles'.
src/components/modern/InterestCard.tsx(108,15): error TS2304: Cannot find name 'styles'.
src/components/modern/InterestCard.tsx(110,54): error TS2304: Cannot find name 'styles'.
src/components/modern/InterestCard.tsx(113,13): error TS2304: Cannot find name 'styles'.
src/components/modern/InterestCard.tsx(121,33): error TS2304: Cannot find name 'styles'.
src/components/modern/InterestCard.tsx(128,25): error TS2304: Cannot find name 'styles'.
src/components/modern/ModernButton.tsx(56,29): error TS2304: Cannot find name 'styles'.
src/components/modern/ModernButton.tsx(76,37): error TS2551: Property 'icon' does not exist on type '{ container: { backgroundColor: string; borderWidth: number; borderColor: string; backdropFilter: string; backfaceVisibility?: "visible" | "hidden"; borderBlockColor?: ColorValue; ... 122 more ...; translateY?: AnimatableNumericValue; }; text: { ...; }; _icon: { ...; }; iconSize: any; } | { ...; }'. Did you mean '_icon'?
  Property 'icon' does not exist on type '{ container: { backgroundColor: string; borderWidth: number; borderColor: string; backdropFilter: string; backfaceVisibility?: "visible" | "hidden"; borderBlockColor?: ColorValue; ... 122 more ...; translateY?: AnimatableNumericValue; }; text: { ...; }; _icon: { ...; }; iconSize: any; }'.
src/components/modern/ModernButton.tsx(89,27): error TS2304: Cannot find name 'styles'.
src/components/modern/ModernButton.tsx(103,33): error TS2551: Property 'icon' does not exist on type '{ container: { backgroundColor: string; borderWidth: number; borderColor: string; backdropFilter: string; backfaceVisibility?: "visible" | "hidden"; borderBlockColor?: ColorValue; ... 122 more ...; translateY?: AnimatableNumericValue; }; text: { ...; }; _icon: { ...; }; iconSize: any; } | { ...; }'. Did you mean '_icon'?
  Property 'icon' does not exist on type '{ container: { backgroundColor: string; borderWidth: number; borderColor: string; backdropFilter: string; backfaceVisibility?: "visible" | "hidden"; borderBlockColor?: ColorValue; ... 122 more ...; translateY?: AnimatableNumericValue; }; text: { ...; }; _icon: { ...; }; iconSize: any; }'.
src/components/modern/ModernButton.tsx(121,38): error TS2339: Property 'sm' does not exist on type '{ _xs: number; _sm: number; _md: number; _lg: number; _xl: number; xxl?: number; xxxl?: number; }'.
src/components/modern/ModernButton.tsx(122,40): error TS2339: Property 'md' does not exist on type '{ _xs: number; _sm: number; _md: number; _lg: number; _xl: number; xxl?: number; xxxl?: number; }'.
src/components/modern/ModernButton.tsx(123,43): error TS2339: Property 'sm' does not exist on type '{ _xs: number; _sm: number; _md: number; _lg: number; _xl: number; _xxl: number; _xxxl: number; }'.
src/components/modern/ModernButton.tsx(127,38): error TS2339: Property 'md' does not exist on type '{ _xs: number; _sm: number; _md: number; _lg: number; _xl: number; xxl?: number; xxxl?: number; }'.
src/components/modern/ModernButton.tsx(128,40): error TS2339: Property 'lg' does not exist on type '{ _xs: number; _sm: number; _md: number; _lg: number; _xl: number; xxl?: number; xxxl?: number; }'.
src/components/modern/ModernButton.tsx(129,43): error TS2339: Property 'md' does not exist on type '{ _xs: number; _sm: number; _md: number; _lg: number; _xl: number; _xxl: number; _xxxl: number; }'.
src/components/modern/ModernButton.tsx(133,38): error TS2339: Property 'lg' does not exist on type '{ _xs: number; _sm: number; _md: number; _lg: number; _xl: number; xxl?: number; xxxl?: number; }'.
src/components/modern/ModernButton.tsx(134,40): error TS2339: Property 'xl' does not exist on type '{ _xs: number; _sm: number; _md: number; _lg: number; _xl: number; xxl?: number; xxxl?: number; }'.
src/components/modern/ModernButton.tsx(135,43): error TS2339: Property 'lg' does not exist on type '{ _xs: number; _sm: number; _md: number; _lg: number; _xl: number; _xxl: number; _xxxl: number; }'.
src/components/modern/ModernButton.tsx(140,29): error TS2304: Cannot find name 'size'.
src/components/modern/ModernButton.tsx(149,14): error TS2304: Cannot find name 'disabled'.
src/components/modern/ModernButton.tsx(160,32): error TS2339: Property 'sm' does not exist on type '{ _xs: number; _sm: number; _md: number; _lg: number; _xl: number; xxl?: number; xxxl?: number; }'.
src/components/modern/ModernButton.tsx(163,11): error TS2304: Cannot find name 'variant'.
src/components/modern/ModernButton.tsx(182,26): error TS2551: Property 'iconSize' does not exist on type '{ paddingVertical: any; paddingHorizontal: any; fontSize: any; _iconSize: number; } | { paddingVertical: any; paddingHorizontal: any; fontSize: any; _iconSize: number; } | { paddingVertical: any; paddingHorizontal: any; fontSize: any; _iconSize: number; }'. Did you mean '_iconSize'?
  Property 'iconSize' does not exist on type '{ paddingVertical: any; paddingHorizontal: any; fontSize: any; _iconSize: number; }'.
src/components/modern/ModernButton.tsx(199,26): error TS2551: Property 'iconSize' does not exist on type '{ paddingVertical: any; paddingHorizontal: any; fontSize: any; _iconSize: number; } | { paddingVertical: any; paddingHorizontal: any; fontSize: any; _iconSize: number; } | { paddingVertical: any; paddingHorizontal: any; fontSize: any; _iconSize: number; }'. Did you mean '_iconSize'?
  Property 'iconSize' does not exist on type '{ paddingVertical: any; paddingHorizontal: any; fontSize: any; _iconSize: number; }'.
src/components/modern/ModernButton.tsx(218,26): error TS2551: Property 'iconSize' does not exist on type '{ paddingVertical: any; paddingHorizontal: any; fontSize: any; _iconSize: number; } | { paddingVertical: any; paddingHorizontal: any; fontSize: any; _iconSize: number; } | { paddingVertical: any; paddingHorizontal: any; fontSize: any; _iconSize: number; }'. Did you mean '_iconSize'?
  Property 'iconSize' does not exist on type '{ paddingVertical: any; paddingHorizontal: any; fontSize: any; _iconSize: number; }'.
src/components/modern/ModernButton.tsx(237,26): error TS2551: Property 'iconSize' does not exist on type '{ paddingVertical: any; paddingHorizontal: any; fontSize: any; _iconSize: number; } | { paddingVertical: any; paddingHorizontal: any; fontSize: any; _iconSize: number; } | { paddingVertical: any; paddingHorizontal: any; fontSize: any; _iconSize: number; }'. Did you mean '_iconSize'?
  Property 'iconSize' does not exist on type '{ paddingVertical: any; paddingHorizontal: any; fontSize: any; _iconSize: number; }'.
src/components/modern/ProgressIndicator.tsx(11,11): error TS2304: Cannot find name 'ViewStyle'.
src/components/modern/ProgressIndicators.tsx(32,7): error TS2561: Object literal may only specify known properties, but '_useNativeDriver' does not exist in type 'TimingAnimationConfig'. Did you mean to write 'useNativeDriver'?
src/components/modern/ProgressIndicators.tsx(42,19): error TS2304: Cannot find name 'styles'.
src/components/modern/ProgressIndicators.tsx(43,46): error TS2304: Cannot find name 'styles'.
src/components/modern/ProgressIndicators.tsx(70,22): error TS2304: Cannot find name 'styles'.
src/components/modern/ProgressIndicators.tsx(71,25): error TS2304: Cannot find name 'styles'.
src/components/modern/ProgressIndicators.tsx(86,11): error TS2304: Cannot find name 'ViewStyle'.
src/components/modern/ProgressIndicators.tsx(104,9): error TS2561: Object literal may only specify known properties, but '_useNativeDriver' does not exist in type 'TimingAnimationConfig'. Did you mean to write 'useNativeDriver'?
src/components/modern/ProgressIndicators.tsx(118,19): error TS2304: Cannot find name 'styles'.
src/components/modern/ProgressIndicators.tsx(121,11): error TS2304: Cannot find name 'styles'.
src/components/modern/ProgressIndicators.tsx(127,19): error TS2304: Cannot find name 'styles'.
src/components/modern/ProgressIndicators.tsx(133,20): error TS2304: Cannot find name 'styles'.
src/components/modern/ProgressIndicators.tsx(139,13): error TS2304: Cannot find name 'styles'.
src/components/modern/ProgressIndicators.tsx(174,11): error TS2561: Object literal may only specify known properties, but '_useNativeDriver' does not exist in type 'TimingAnimationConfig'. Did you mean to write 'useNativeDriver'?
src/components/modern/ProgressIndicators.tsx(186,7): error TS2561: Object literal may only specify known properties, but '_useNativeDriver' does not exist in type 'TimingAnimationConfig'. Did you mean to write 'useNativeDriver'?
src/components/modern/ProgressIndicators.tsx(202,19): error TS2304: Cannot find name 'styles'.
src/components/modern/ProgressIndicators.tsx(203,20): error TS2304: Cannot find name 'styles'.
src/components/modern/ProgressIndicators.tsx(206,11): error TS2304: Cannot find name 'styles'.
src/components/modern/ProgressIndicators.tsx(215,13): error TS2304: Cannot find name 'styles'.
src/components/modern/ProgressIndicators.tsx(249,11): error TS2561: Object literal may only specify known properties, but '_useNativeDriver' does not exist in type 'TimingAnimationConfig'. Did you mean to write 'useNativeDriver'?
src/components/modern/ProgressIndicators.tsx(263,11): error TS2561: Object literal may only specify known properties, but '_useNativeDriver' does not exist in type 'TimingAnimationConfig'. Did you mean to write 'useNativeDriver'?
src/components/modern/ProgressIndicators.tsx(298,18): error TS2304: Cannot find name 'styles'.
src/components/modern/ProgressIndicators.tsx(312,23): error TS2304: Cannot find name 'styles'.
src/components/modern/VoiceCard.tsx(45,13): error TS2561: Object literal may only specify known properties, but '_useNativeDriver' does not exist in type 'TimingAnimationConfig'. Did you mean to write 'useNativeDriver'?
src/components/modern/VoiceCard.tsx(50,13): error TS2561: Object literal may only specify known properties, but '_useNativeDriver' does not exist in type 'TimingAnimationConfig'. Did you mean to write 'useNativeDriver'?
src/components/modern/VoiceCard.tsx(66,9): error TS2561: Object literal may only specify known properties, but '_useNativeDriver' does not exist in type 'TimingAnimationConfig'. Did you mean to write 'useNativeDriver'?
src/components/modern/VoiceCard.tsx(82,32): error TS2304: Cannot find name 'styles'.
src/components/modern/VoiceCard.tsx(82,54): error TS2304: Cannot find name 'styles'.
src/components/modern/VoiceCard.tsx(85,27): error TS2304: Cannot find name 'styles'.
src/components/modern/VoiceCard.tsx(86,54): error TS2304: Cannot find name 'styles'.
src/components/modern/VoiceCard.tsx(90,21): error TS2304: Cannot find name 'styles'.
src/components/modern/VoiceCard.tsx(104,25): error TS2304: Cannot find name 'styles'.
src/components/modern/VoiceCard.tsx(129,18): error TS2304: Cannot find name 'styles'.
src/components/modern/VoiceCard.tsx(130,20): error TS2304: Cannot find name 'styles'.
src/components/modern/VoiceCard.tsx(131,22): error TS2304: Cannot find name 'styles'.
src/components/modern/VoiceCard.tsx(134,15): error TS2304: Cannot find name 'styles'.
src/components/modern/VoiceCard.tsx(146,17): error TS2304: Cannot find name 'styles'.
src/components/modern/VoiceCard.tsx(162,21): error TS2304: Cannot find name 'styles'.
src/components/modern/VoiceCard.tsx(168,19): error TS2304: Cannot find name 'styles'.
src/components/modern/VoiceCard.tsx(184,11): error TS2304: Cannot find name 'styles'.
src/components/modern/VoiceCard.tsx(198,9): error TS2304: Cannot find name 'styles'.
src/components/terrain/ElevationProfiler.tsx(21,16): error TS2304: Cannot find name 'Coordinate'.
src/components/terrain/ElevationProfiler.tsx(70,31): error TS2304: Cannot find name 'slope'.
src/components/terrain/ElevationProfiler.tsx(77,57): error TS2339: Property 'grade' does not exist on type 'ElevationData'.
src/components/terrain/ElevationProfiler.tsx(78,31): error TS2304: Cannot find name 'slope'.
src/components/terrain/ElevationProfiler.tsx(86,47): error TS2339: Property 'grade' does not exist on type 'ElevationData'.
src/components/terrain/ElevationProfiler.tsx(102,57): error TS2304: Cannot find name 'styles'.
src/components/terrain/ElevationProfiler.tsx(103,20): error TS2304: Cannot find name 'styles'.
src/components/terrain/ElevationProfiler.tsx(104,22): error TS2304: Cannot find name 'styles'.
src/components/terrain/ElevationProfiler.tsx(110,25): error TS2304: Cannot find name 'styles'.
src/components/terrain/ElevationProfiler.tsx(116,24): error TS2304: Cannot find name 'styles'.
src/components/terrain/ElevationProfiler.tsx(117,26): error TS2304: Cannot find name 'styles'.
src/components/terrain/ElevationProfiler.tsx(118,29): error TS2304: Cannot find name 'styles'.
src/components/terrain/ElevationProfiler.tsx(123,19): error TS2304: Cannot find name 'styles'.
src/components/terrain/ElevationProfiler.tsx(130,26): error TS2304: Cannot find name 'styles'.
src/components/terrain/ElevationProfiler.tsx(131,29): error TS2304: Cannot find name 'styles'.
src/components/terrain/ElevationProfiler.tsx(136,19): error TS2304: Cannot find name 'styles'.
src/components/terrain/ElevationProfiler.tsx(143,26): error TS2304: Cannot find name 'styles'.
src/components/terrain/ElevationProfiler.tsx(144,29): error TS2304: Cannot find name 'styles'.
src/components/terrain/ElevationProfiler.tsx(149,19): error TS2304: Cannot find name 'styles'.
src/components/terrain/ElevationProfiler.tsx(161,20): error TS2304: Cannot find name 'styles'.
src/components/terrain/ElevationProfiler.tsx(162,61): error TS2304: Cannot find name 'styles'.
src/components/terrain/ElevationProfiler.tsx(194,36): error TS2551: Property 'startDistance' does not exist on type '{ _startDistance: number; endDistance: number; averageSlope: number; grade: any; }'. Did you mean '_startDistance'?
src/components/terrain/ElevationProfiler.tsx(202,25): error TS2769: No overload matches this call.
  Overload 1 of 4, '(iterable: Iterable<unknown> | ArrayLike<unknown>, mapfn: (v: unknown, k: number) => ReactNode, thisArg?: any): ReactNode[]', gave the following error.
    Object literal may only specify known properties, and '_length' does not exist in type 'Iterable<unknown> | ArrayLike<unknown>'.
  Overload 2 of 4, '(arrayLike: ArrayLike<unknown>, mapfn: (v: unknown, k: number) => ReactNode, thisArg?: any): ReactNode[]', gave the following error.
    Object literal may only specify known properties, but '_length' does not exist in type 'ArrayLike<unknown>'. Did you mean to write 'length'?
src/components/terrain/ElevationProfiler.tsx(262,22): error TS2304: Cannot find name 'styles'.
src/components/terrain/ElevationProfiler.tsx(269,19): error TS2304: Cannot find name 'styles'.
src/components/terrain/ElevationProfiler.tsx(282,22): error TS2304: Cannot find name 'styles'.
src/components/terrain/ElevationProfiler.tsx(283,25): error TS2304: Cannot find name 'styles'.
src/components/terrain/ElevationProfiler.tsx(290,20): error TS2304: Cannot find name 'styles'.
src/components/terrain/ElevationProfiler.tsx(293,40): error TS2304: Cannot find name 'styles'.
src/components/terrain/ElevationProfiler.tsx(296,21): error TS2304: Cannot find name 'styles'.
src/components/terrain/ElevationProfiler.tsx(305,27): error TS2304: Cannot find name 'styles'.
src/components/terrain/ElevationProfiler.tsx(311,21): error TS2304: Cannot find name 'styles'.
src/components/terrain/ElevationProfiler.tsx(315,46): error TS2551: Property 'startDistance' does not exist on type '{ _startDistance: number; endDistance: number; averageSlope: number; grade: any; }'. Did you mean '_startDistance'?
src/components/terrain/ElevationProfiler.tsx(322,24): error TS2304: Cannot find name 'styles'.
src/components/terrain/ElevationProfiler.tsx(323,27): error TS2304: Cannot find name 'styles'.
src/components/terrain/ElevationProfiler.tsx(326,26): error TS2304: Cannot find name 'styles'.
src/components/terrain/ElevationProfiler.tsx(333,42): error TS2304: Cannot find name 'styles'.
src/components/terrain/ElevationProfiler.tsx(335,29): error TS2304: Cannot find name 'styles'.
src/components/terrain/ElevationProfiler.tsx(339,23): error TS2304: Cannot find name 'styles'.
src/components/terrain/ElevationProfiler.tsx(356,47): error TS2304: Cannot find name 'TrailPoint'.
src/components/terrain/ElevationProfiler.tsx(360,3): error TS2304: Cannot find name 'coordinates'.
src/components/terrain/ElevationProfiler.tsx(362,25): error TS2304: Cannot find name 'coordinates'.
src/components/terrain/ElevationProfiler.tsx(374,30): error TS2304: Cannot find name 'coordinates'.
src/components/terrain/ElevationProfiler.tsx(375,25): error TS2304: Cannot find name 'coordinates'.
src/components/terrain/ElevationProfiler.tsx(376,25): error TS2304: Cannot find name 'coordinates'.
src/components/terrain/ElevationProfiler.tsx(392,5): error TS2304: Cannot find name 'data'.
src/components/terrain/ElevationProfiler.tsx(401,10): error TS2304: Cannot find name 'data'.
src/components/terrain/ElevationProfiler.tsx(409,22): error TS2304: Cannot find name 'data'.
src/components/terrain/ElevationProfiler.tsx(412,25): error TS2304: Cannot find name 'data'.
src/components/terrain/ElevationProfiler.tsx(412,30): error TS2304: Cannot find name 'data'.
src/components/terrain/ElevationProfiler.tsx(414,23): error TS2304: Cannot find name 'data'.
src/components/terrain/ElevationProfiler.tsx(415,29): error TS2304: Cannot find name 'data'.
src/components/terrain/ElevationProfiler.tsx(415,49): error TS2304: Cannot find name 'data'.
src/components/terrain/ElevationProfiler.tsx(421,28): error TS2304: Cannot find name 'data'.
src/components/terrain/ElevationProfiler.tsx(430,19): error TS2304: Cannot find name 'data'.
src/components/terrain/ElevationProfiler.tsx(430,50): error TS2304: Cannot find name 'data'.
src/components/terrain/ElevationProfiler.tsx(441,7): error TS2304: Cannot find name 'data'.
src/components/terrain/ElevationProfiler.tsx(445,25): error TS2304: Cannot find name 'data'.
src/components/terrain/ElevationProfiler.tsx(445,30): error TS2304: Cannot find name 'data'.
src/components/terrain/ElevationProfiler.tsx(446,26): error TS2304: Cannot find name 'maxElevation'.
src/components/terrain/ElevationProfiler.tsx(446,41): error TS2304: Cannot find name 'minElevation'.
src/components/terrain/ElevationProfiler.tsx(448,18): error TS2304: Cannot find name 'data'.
src/components/terrain/ElevationProfiler.tsx(451,36): error TS2304: Cannot find name 'minElevation'.
src/components/terrain/ElevationProfiler.tsx(472,26): error TS2339: Property 'grade' does not exist on type 'ElevationData'.
src/components/terrain/ElevationProfiler.tsx(477,22): error TS2304: Cannot find name 'data'.
src/components/terrain/ElevationProfiler.tsx(479,3): error TS2304: Cannot find name 'data'.
src/components/terrain/ElevationProfiler.tsx(480,51): error TS2304: Cannot find name 'data'.
src/components/terrain/ElevationProfiler.tsx(487,11): error TS2561: Object literal may only specify known properties, but 'startDistance' does not exist in type '{ _startDistance: number; endDistance: number; averageSlope: number; grade: any; }'. Did you mean to write '_startDistance'?
src/components/terrain/ElevationProfiler.tsx(520,26): error TS2304: Cannot find name 'stats'.
src/components/terrain/ElevationProfiler.tsx(520,47): error TS2304: Cannot find name 'stats'.
src/components/terrain/ElevationProfiler.tsx(522,34): error TS2304: Cannot find name 'stats'.
src/components/terrain/ElevationProfiler.tsx(533,15): error TS2304: Cannot find name 'lat1'.
src/components/terrain/ElevationProfiler.tsx(534,15): error TS2304: Cannot find name 'lat2'.
src/components/terrain/ElevationProfiler.tsx(535,16): error TS2304: Cannot find name 'lat2'.
src/components/terrain/ElevationProfiler.tsx(535,23): error TS2304: Cannot find name 'lat1'.
src/components/terrain/ElevationProfiler.tsx(536,16): error TS2304: Cannot find name 'lon2'.
src/components/terrain/ElevationProfiler.tsx(536,23): error TS2304: Cannot find name 'lon1'.
src/components/terrain/ElevationProfiler.tsx(546,54): error TS2339: Property 'grade' does not exist on type 'ElevationData'.
src/components/trails/TrailCard.tsx(42,9): error TS2561: Object literal may only specify known properties, but '_useNativeDriver' does not exist in type 'TimingAnimationConfig'. Did you mean to write 'useNativeDriver'?
src/components/trails/TrailCard.tsx(107,9): error TS2304: Cannot find name 'meters'.
src/components/trails/TrailCard.tsx(108,28): error TS2304: Cannot find name 'meters'.
src/components/trails/TrailCard.tsx(110,16): error TS2304: Cannot find name 'meters'.
src/components/trails/TrailCard.tsx(114,30): error TS2304: Cannot find name 'minutes'.
src/components/trails/TrailCard.tsx(115,18): error TS2304: Cannot find name 'minutes'.
src/components/trails/TrailCard.tsx(127,29): error TS2304: Cannot find name 'styles'.
src/components/trails/TrailCard.tsx(132,20): error TS2304: Cannot find name 'styles'.
src/components/trails/TrailCard.tsx(134,26): error TS2304: Cannot find name 'styles'.
src/components/trails/TrailCard.tsx(135,28): error TS2304: Cannot find name 'styles'.
src/components/trails/TrailCard.tsx(142,27): error TS2304: Cannot find name 'styles'.
src/components/trails/TrailCard.tsx(149,21): error TS2304: Cannot find name 'styles'.
src/components/trails/TrailCard.tsx(161,28): error TS2304: Cannot find name 'styles'.
src/components/trails/TrailCard.tsx(164,21): error TS2304: Cannot find name 'styles'.
src/components/trails/TrailCard.tsx(174,23): error TS2304: Cannot find name 'styles'.
src/components/trails/TrailCard.tsx(190,27): error TS2304: Cannot find name 'styles'.
src/components/trails/TrailCard.tsx(192,61): error TS2304: Cannot find name 'styles'.
src/components/trails/TrailCard.tsx(199,20): error TS2304: Cannot find name 'styles'.
src/components/trails/TrailCard.tsx(203,26): error TS2304: Cannot find name 'styles'.
src/components/trails/TrailCard.tsx(204,28): error TS2304: Cannot find name 'styles'.
src/components/trails/TrailCard.tsx(211,27): error TS2304: Cannot find name 'styles'.
src/components/trails/TrailCard.tsx(219,19): error TS2304: Cannot find name 'styles'.
src/components/trails/TrailCard.tsx(228,30): error TS2304: Cannot find name 'styles'.
src/components/trails/TrailCard.tsx(233,23): error TS2304: Cannot find name 'styles'.
src/components/trails/TrailCard.tsx(241,24): error TS2304: Cannot find name 'styles'.
src/components/trails/TrailCard.tsx(244,17): error TS2304: Cannot find name 'styles'.
src/components/trails/TrailCard.tsx(253,26): error TS2304: Cannot find name 'styles'.
src/components/trails/TrailCard.tsx(254,28): error TS2304: Cannot find name 'styles'.
src/components/trails/TrailCard.tsx(260,31): error TS2304: Cannot find name 'styles'.
src/components/trails/TrailCard.tsx(265,28): error TS2304: Cannot find name 'styles'.
src/components/trails/TrailCard.tsx(271,31): error TS2304: Cannot find name 'styles'.
src/components/trails/TrailCard.tsx(276,28): error TS2304: Cannot find name 'styles'.
src/components/trails/TrailCard.tsx(282,31): error TS2304: Cannot find name 'styles'.
src/components/trails/TrailCard.tsx(287,28): error TS2304: Cannot find name 'styles'.
src/components/trails/TrailCard.tsx(289,31): error TS2304: Cannot find name 'styles'.
src/components/trails/TrailCard.tsx(297,28): error TS2304: Cannot find name 'styles'.
src/components/trails/TrailCard.tsx(304,27): error TS2304: Cannot find name 'styles'.
src/components/trails/TrailCard.tsx(313,28): error TS2304: Cannot find name 'styles'.
src/components/trails/TrailCard.tsx(321,21): error TS2304: Cannot find name 'styles'.
src/components/trails/TrailCard.tsx(333,26): error TS2304: Cannot find name 'styles'.
src/components/trails/TrailCard.tsx(336,19): error TS2304: Cannot find name 'styles'.
src/components/trails/TrailCard.tsx(342,30): error TS2304: Cannot find name 'styles'.
src/components/trails/TrailSearch.tsx(158,57): error TS2304: Cannot find name 'styles'.
src/components/trails/TrailSearch.tsx(160,20): error TS2304: Cannot find name 'styles'.
src/components/trails/TrailSearch.tsx(161,22): error TS2304: Cannot find name 'styles'.
src/components/trails/TrailSearch.tsx(168,21): error TS2304: Cannot find name 'styles'.
src/components/trails/TrailSearch.tsx(187,13): error TS2304: Cannot find name 'styles'.
src/components/trails/TrailSearch.tsx(200,17): error TS2304: Cannot find name 'styles'.
src/components/trails/TrailSearch.tsx(209,20): error TS2304: Cannot find name 'styles'.
src/components/trails/TrailSearch.tsx(211,19): error TS2304: Cannot find name 'styles'.
src/components/trails/TrailSearch.tsx(218,23): error TS2304: Cannot find name 'styles'.
src/components/trails/TrailSearch.tsx(229,11): error TS2304: Cannot find name 'styles'.
src/components/trails/TrailSearch.tsx(240,22): error TS2304: Cannot find name 'styles'.
src/components/trails/TrailSearch.tsx(241,25): error TS2304: Cannot find name 'styles'.
src/components/trails/TrailSearch.tsx(244,24): error TS2304: Cannot find name 'styles'.
src/components/trails/TrailSearch.tsx(249,19): error TS2304: Cannot find name 'styles'.
src/components/trails/TrailSearch.tsx(262,21): error TS2304: Cannot find name 'styles'.
src/components/trails/TrailSearch.tsx(279,22): error TS2304: Cannot find name 'styles'.
src/components/trails/TrailSearch.tsx(280,25): error TS2304: Cannot find name 'styles'.
src/components/trails/TrailSearch.tsx(283,24): error TS2304: Cannot find name 'styles'.
src/components/trails/TrailSearch.tsx(288,19): error TS2304: Cannot find name 'styles'.
src/components/trails/TrailSearch.tsx(310,21): error TS2304: Cannot find name 'styles'.
src/components/trails/TrailSearch.tsx(328,22): error TS2304: Cannot find name 'styles'.
src/components/trails/TrailSearch.tsx(329,25): error TS2304: Cannot find name 'styles'.
src/components/trails/TrailSearch.tsx(332,24): error TS2304: Cannot find name 'styles'.
src/components/trails/TrailSearch.tsx(337,19): error TS2304: Cannot find name 'styles'.
src/components/trails/TrailSearch.tsx(350,21): error TS2304: Cannot find name 'styles'.
src/components/trails/TrailSearch.tsx(367,22): error TS2304: Cannot find name 'styles'.
src/components/trails/TrailSearch.tsx(368,25): error TS2304: Cannot find name 'styles'.
src/components/trails/TrailSearch.tsx(372,24): error TS2304: Cannot find name 'styles'.
src/components/trails/TrailSearch.tsx(377,19): error TS2304: Cannot find name 'styles'.
src/components/trails/TrailSearch.tsx(395,21): error TS2304: Cannot find name 'styles'.
src/components/trails/TrailSearch.tsx(409,22): error TS2304: Cannot find name 'styles'.
src/components/trails/TrailSearch.tsx(411,20): error TS2304: Cannot find name 'styles'.
src/components/trails/TrailSearch.tsx(418,17): error TS2304: Cannot find name 'styles'.
src/components/trails/TrailSearch.tsx(431,27): error TS2304: Cannot find name 'styles'.
src/contexts/AuthContext.tsx(35,5): error TS2353: Object literal may only specify known properties, and 'name' does not exist in type 'User | (() => User)'.
src/contexts/AuthContext.tsx(51,9): error TS2353: Object literal may only specify known properties, and 'name' does not exist in type 'SetStateAction<User>'.
src/contexts/AuthContext.tsx(65,9): error TS2353: Object literal may only specify known properties, and 'name' does not exist in type 'SetStateAction<User>'.
src/screens/ActiveTrailScreen.tsx(103,11): error TS2561: Object literal may only specify known properties, but '_useNativeDriver' does not exist in type 'TimingAnimationConfig'. Did you mean to write 'useNativeDriver'?
src/screens/ActiveTrailScreen.tsx(218,17): error TS2304: Cannot find name 'speedMs'.
src/screens/ActiveTrailScreen.tsx(253,26): error TS2551: Property 'isPlaying' does not exist on type 'AudioGuideState'. Did you mean '_isPlaying'?
src/screens/ActiveTrailScreen.tsx(296,31): error TS2551: Property 'dark' does not exist on type '{ colors: ThemeColors; _dark: boolean; typography: { fontSize: { _xs: number; _sm: number; _md: number; _lg: number; _xl: number; _xxl: number; _xxxl: number; }; fontFamily: { regular: string; medium: string; semiBold: string; bold: string; }; }; spacing: { ...; }; borderRadius: { ...; }; }'. Did you mean '_dark'?
src/screens/ActiveTrailScreen.tsx(330,29): error TS2304: Cannot find name '_pulseAnim'.
src/screens/ActiveTrailScreen.tsx(555,31): error TS2551: Property 'isPlaying' does not exist on type 'AudioGuideState'. Did you mean '_isPlaying'?
src/screens/ActiveTrailScreen.tsx(579,32): error TS2551: Property 'isPlaying' does not exist on type 'AudioGuideState'. Did you mean '_isPlaying'?
src/screens/BetaOnboardingScreen.tsx(43,5): error TS2561: Object literal may only specify known properties, but '_action' does not exist in type 'OnboardingStep'. Did you mean to write 'action'?
src/screens/ConflictResolutionScreen.tsx(34,7): error TS2561: Object literal may only specify known properties, but '_autoResolve' does not exist in type 'ConflictResolutionStrategy'. Did you mean to write 'autoResolve'?
src/screens/ConflictResolutionScreen.tsx(53,24): error TS2304: Cannot find name 'state'.
src/screens/ConflictResolutionScreen.tsx(67,25): error TS2304: Cannot find name 'conflict'.
src/screens/ConflictResolutionScreen.tsx(140,21): error TS2304: Cannot find name 'date'.
src/screens/ConflictResolutionScreen.tsx(159,33): error TS2551: Property 'isResolved' does not exist on type 'DataConflict'. Did you mean '_isResolved'?
src/screens/ConflictResolutionScreen.tsx(181,25): error TS2551: Property 'localVersion' does not exist on type 'DataConflict'. Did you mean '_localVersion'?
src/screens/ConflictResolutionScreen.tsx(223,13): error TS2339: Property 'localVersion' does not exist on type 'DataConflict'.
src/screens/ConflictResolutionScreen.tsx(223,27): error TS2339: Property 'remoteVersion' does not exist on type 'DataConflict'.
src/screens/ConflictResolutionScreen.tsx(341,19): error TS2561: Object literal may only specify known properties, but '_preferLocal' does not exist in type 'Partial<ConflictResolutionStrategy>'. Did you mean to write 'preferLocal'?
src/screens/DiscoverScreen.tsx(80,61): error TS2561: Object literal may only specify known properties, but 'selected' does not exist in type 'Interest'. Did you mean to write '_selected'?
src/screens/DiscoverScreen.tsx(81,52): error TS2561: Object literal may only specify known properties, but 'selected' does not exist in type 'Interest'. Did you mean to write '_selected'?
src/screens/DiscoverScreen.tsx(82,62): error TS2561: Object literal may only specify known properties, but 'selected' does not exist in type 'Interest'. Did you mean to write '_selected'?
src/screens/DiscoverScreen.tsx(83,58): error TS2561: Object literal may only specify known properties, but 'selected' does not exist in type 'Interest'. Did you mean to write '_selected'?
src/screens/DiscoverScreen.tsx(88,7): error TS2561: Object literal may only specify known properties, but 'selected' does not exist in type 'Interest'. Did you mean to write '_selected'?
src/screens/DiscoverScreen.tsx(90,63): error TS2561: Object literal may only specify known properties, but 'selected' does not exist in type 'Interest'. Did you mean to write '_selected'?
src/screens/DiscoverScreen.tsx(149,41): error TS2304: Cannot find name 'trail'.
src/screens/DiscoverScreen.tsx(150,46): error TS2304: Cannot find name 'trail'.
src/screens/DiscoverScreen.tsx(164,21): error TS2304: Cannot find name 'newFilters'.
src/screens/DiscoverScreen.tsx(196,25): error TS2304: Cannot find name 'interestId'.
src/screens/DiscoverScreen.tsx(197,48): error TS2551: Property 'selected' does not exist on type 'Interest'. Did you mean '_selected'?
src/screens/DiscoverScreen.tsx(212,57): error TS2551: Property 'selected' does not exist on type 'Interest'. Did you mean '_selected'?
src/screens/DiscoverScreen.tsx(235,17): error TS2551: Property 'content' does not exist on type 'StoryContent'. Did you mean '_content'?
src/screens/DiscoverScreen.tsx(251,36): error TS2551: Property 'content' does not exist on type 'StoryContent'. Did you mean '_content'?
src/screens/DiscoverScreen.tsx(257,30): error TS2551: Property 'content' does not exist on type 'StoryContent'. Did you mean '_content'?
src/screens/DiscoverScreen.tsx(260,28): error TS2551: Property 'content' does not exist on type 'StoryContent'. Did you mean '_content'?
src/screens/DiscoverScreen.tsx(272,9): error TS2304: Cannot find name 'selectedInterests'.
src/screens/DiscoverScreen.tsx(278,7): error TS2741: Property 'title' is missing in type 'StoryContent' but required in type 'StoryContent'.
src/screens/DiscoverScreen.tsx(286,9): error TS2561: Object literal may only specify known properties, but 'content' does not exist in type 'StoryContent'. Did you mean to write '_content'?
src/screens/DiscoverScreen.tsx(295,18): error TS2304: Cannot find name 'selectedInterests'.
src/screens/DiscoverScreen.tsx(306,31): error TS2304: Cannot find name 'musicType'.
src/screens/DiscoverScreen.tsx(391,15): error TS2741: Property 'selected' is missing in type 'Interest' but required in type '{ id: string; name: string; icon: "history" | "nature" | "architecture" | "hiking" | "category" | "insights" | "light" | "search" | "repeat" | "anchor" | "link" | "sort" | "map" | "filter" | ... 2219 more ... | "zoom-out-map"; selected: boolean; }'.
src/screens/DiscoverScreen.tsx(462,33): error TS2304: Cannot find name '_filteredTrails'.
src/screens/DiscoverScreen.tsx(463,34): error TS2304: Cannot find name '_filteredTrails'.
src/screens/DiscoverScreen.tsx(636,30): error TS2304: Cannot find name 'Theme'.
src/screens/MapScreen.tsx(37,30): error TS2551: Property 'isRecording' does not exist on type 'TrailRecordingState'. Did you mean '_isRecording'?
src/screens/MapScreen.tsx(43,35): error TS2551: Property 'isRecording' does not exist on type 'TrailRecordingState'. Did you mean '_isRecording'?
src/screens/MapScreen.tsx(62,41): error TS2304: Cannot find name 'LocationPoint'.
src/screens/MapScreen.tsx(63,25): error TS2304: Cannot find name 'point'.
src/screens/MapScreen.tsx(63,42): error TS2304: Cannot find name 'point'.
src/screens/MapScreen.tsx(66,25): error TS2551: Property 'isRecording' does not exist on type 'TrailRecordingState'. Did you mean '_isRecording'?
src/screens/MapScreen.tsx(67,45): error TS2304: Cannot find name 'point'.
src/screens/MapScreen.tsx(116,32): error TS2304: Cannot find name 'ms'.
src/screens/MapScreen.tsx(127,9): error TS2304: Cannot find name 'meters'.
src/screens/MapScreen.tsx(128,28): error TS2304: Cannot find name 'meters'.
src/screens/MapScreen.tsx(130,16): error TS2304: Cannot find name 'meters'.
src/screens/MapScreen.tsx(150,26): error TS2551: Property 'isRecording' does not exist on type 'TrailRecordingState'. Did you mean '_isRecording'?
src/screens/MapScreen.tsx(161,48): error TS2551: Property 'duration' does not exist on type 'TrailRecordingState'. Did you mean '_duration'?
src/screens/MapsTestScreen.tsx(75,7): error TS2448: Block-scoped variable 'runBasicTests' used before its declaration.
src/screens/MapsTestScreen.tsx(80,46): error TS2304: Cannot find name 'result'.
src/screens/MapsTestScreen.tsx(264,11): error TS2561: Object literal may only specify known properties, but '_useOpenAI' does not exist in type 'AudioGuidePlaybackOptions'. Did you mean to write 'useOpenAI'?
src/screens/MapsTestScreen.tsx(285,31): error TS2551: Property 'dark' does not exist on type '{ colors: ThemeColors; _dark: boolean; typography: { fontSize: { _xs: number; _sm: number; _md: number; _lg: number; _xl: number; _xxl: number; _xxxl: number; }; fontFamily: { regular: string; medium: string; semiBold: string; bold: string; }; }; spacing: { ...; }; borderRadius: { ...; }; }'. Did you mean '_dark'?
src/screens/MemoriesScreen.tsx(64,21): error TS2448: Block-scoped variable 'loadMemories' used before its declaration.
src/screens/MemoriesScreen.tsx(152,9): error TS2561: Object literal may only specify known properties, but 'duration' does not exist in type 'Memory'. Did you mean to write '_duration'?
src/screens/MemoriesScreen.tsx(185,9): error TS2561: Object literal may only specify known properties, but '_allowsEditing' does not exist in type 'ImagePickerOptions'. Did you mean to write 'allowsEditing'?
src/screens/MemoriesScreen.tsx(209,47): error TS2304: Cannot find name 'memory'.
src/screens/MemoriesScreen.tsx(217,50): error TS2304: Cannot find name 'memory'.
src/screens/MemoriesScreen.tsx(218,25): error TS2304: Cannot find name 'memory'.
src/screens/MemoriesScreen.tsx(225,10): error TS2304: Cannot find name 'memory'.
src/screens/MemoriesScreen.tsx(313,28): error TS2551: Property 'duration' does not exist on type 'Memory'. Did you mean '_duration'?
src/screens/MemoriesScreen.tsx(314,18): error TS2551: Property 'duration' does not exist on type 'Memory'. Did you mean '_duration'?
src/screens/MemoriesScreen.tsx(352,65): error TS2551: Property 'duration' does not exist on type 'Memory'. Did you mean '_duration'?
src/screens/NewSettingsScreen.tsx(116,24): error TS2304: Cannot find name 'newSettings'.
src/screens/NewSettingsScreen.tsx(118,19): error TS2304: Cannot find name 'newSettings'.
src/screens/NewSettingsScreen.tsx(132,16): error TS2304: Cannot find name 'value'.
src/screens/NewSettingsScreen.tsx(146,16): error TS2304: Cannot find name 'value'.
src/screens/NewSettingsScreen.tsx(160,16): error TS2304: Cannot find name 'value'.
src/screens/NewSettingsScreen.tsx(174,16): error TS2304: Cannot find name 'value'.
src/screens/NewSettingsScreen.tsx(188,16): error TS2304: Cannot find name 'value'.
src/screens/NewSettingsScreen.tsx(224,17): error TS2561: Object literal may only specify known properties, but 'backgroundMusicEnabled' does not exist in type '{ _backgroundMusicEnabled: boolean; musicVolume: number; selectedTheme: string; }'. Did you mean to write '_backgroundMusicEnabled'?
src/screens/NewSettingsScreen.tsx(229,17): error TS2561: Object literal may only specify known properties, but 'shareLocation' does not exist in type '{ _shareLocation: boolean; _saveMemories: boolean; _analyticsEnabled: boolean; }'. Did you mean to write '_shareLocation'?
src/screens/NewSettingsScreen.tsx(234,17): error TS2561: Object literal may only specify known properties, but 'adaptiveSpeed' does not exist in type '{ _adaptiveSpeed: boolean; minWalkingSpeed: number; _pauseOnStop: boolean; }'. Did you mean to write '_adaptiveSpeed'?
src/screens/NewSettingsScreen.tsx(239,17): error TS2561: Object literal may only specify known properties, but 'arGlassesEnabled' does not exist in type '{ _arGlassesEnabled: boolean; _visualOverlays: boolean; _gestureControls: boolean; }'. Did you mean to write '_arGlassesEnabled'?
src/screens/NewSettingsScreen.tsx(257,42): error TS2304: Cannot find name 'title'.
src/screens/NewSettingsScreen.tsx(264,27): error TS2724: 'React' has no exported member named 'React'. Did you mean 'act'?
src/screens/NewSettingsScreen.tsx(268,44): error TS2304: Cannot find name 'title'.
src/screens/NewSettingsScreen.tsx(269,47): error TS2304: Cannot find name 'subtitle'.
src/screens/NewSettingsScreen.tsx(383,45): error TS2551: Property 'backgroundMusicEnabled' does not exist on type '{ _backgroundMusicEnabled: boolean; musicVolume: number; selectedTheme: string; }'. Did you mean '_backgroundMusicEnabled'?
src/screens/NewSettingsScreen.tsx(385,37): error TS2345: Argument of type '"backgroundMusicEnabled"' is not assignable to parameter of type '"_backgroundMusicEnabled" | "musicVolume" | "selectedTheme"'.
src/screens/NewSettingsScreen.tsx(395,35): error TS2551: Property 'backgroundMusicEnabled' does not exist on type '{ _backgroundMusicEnabled: boolean; musicVolume: number; selectedTheme: string; }'. Did you mean '_backgroundMusicEnabled'?
src/screens/NewSettingsScreen.tsx(461,47): error TS2551: Property 'shareLocation' does not exist on type '{ _shareLocation: boolean; _saveMemories: boolean; _analyticsEnabled: boolean; }'. Did you mean '_shareLocation'?
src/screens/NewSettingsScreen.tsx(463,39): error TS2345: Argument of type '"shareLocation"' is not assignable to parameter of type '"_shareLocation" | "_saveMemories" | "_analyticsEnabled"'.
src/screens/NewSettingsScreen.tsx(477,47): error TS2551: Property 'saveMemories' does not exist on type '{ _shareLocation: boolean; _saveMemories: boolean; _analyticsEnabled: boolean; }'. Did you mean '_saveMemories'?
src/screens/NewSettingsScreen.tsx(479,39): error TS2345: Argument of type '"saveMemories"' is not assignable to parameter of type '"_shareLocation" | "_saveMemories" | "_analyticsEnabled"'.
src/screens/NewSettingsScreen.tsx(493,47): error TS2551: Property 'analyticsEnabled' does not exist on type '{ _shareLocation: boolean; _saveMemories: boolean; _analyticsEnabled: boolean; }'. Did you mean '_analyticsEnabled'?
src/screens/NewSettingsScreen.tsx(495,39): error TS2345: Argument of type '"analyticsEnabled"' is not assignable to parameter of type '"_shareLocation" | "_saveMemories" | "_analyticsEnabled"'.
src/screens/NewSettingsScreen.tsx(516,48): error TS2551: Property 'adaptiveSpeed' does not exist on type '{ _adaptiveSpeed: boolean; minWalkingSpeed: number; _pauseOnStop: boolean; }'. Did you mean '_adaptiveSpeed'?
src/screens/NewSettingsScreen.tsx(518,40): error TS2345: Argument of type '"adaptiveSpeed"' is not assignable to parameter of type '"_adaptiveSpeed" | "minWalkingSpeed" | "_pauseOnStop"'.
src/screens/NewSettingsScreen.tsx(532,48): error TS2551: Property 'pauseOnStop' does not exist on type '{ _adaptiveSpeed: boolean; minWalkingSpeed: number; _pauseOnStop: boolean; }'. Did you mean '_pauseOnStop'?
src/screens/NewSettingsScreen.tsx(534,40): error TS2345: Argument of type '"pauseOnStop"' is not assignable to parameter of type '"_adaptiveSpeed" | "minWalkingSpeed" | "_pauseOnStop"'.
src/screens/NewSettingsScreen.tsx(572,42): error TS2551: Property 'arGlassesEnabled' does not exist on type '{ _arGlassesEnabled: boolean; _visualOverlays: boolean; _gestureControls: boolean; }'. Did you mean '_arGlassesEnabled'?
src/screens/NewSettingsScreen.tsx(574,34): error TS2345: Argument of type '"arGlassesEnabled"' is not assignable to parameter of type '"_arGlassesEnabled" | "_visualOverlays" | "_gestureControls"'.
src/screens/NewSettingsScreen.tsx(588,42): error TS2551: Property 'visualOverlays' does not exist on type '{ _arGlassesEnabled: boolean; _visualOverlays: boolean; _gestureControls: boolean; }'. Did you mean '_visualOverlays'?
src/screens/NewSettingsScreen.tsx(590,34): error TS2345: Argument of type '"visualOverlays"' is not assignable to parameter of type '"_arGlassesEnabled" | "_visualOverlays" | "_gestureControls"'.
src/screens/NewSettingsScreen.tsx(604,42): error TS2551: Property 'gestureControls' does not exist on type '{ _arGlassesEnabled: boolean; _visualOverlays: boolean; _gestureControls: boolean; }'. Did you mean '_gestureControls'?
src/screens/NewSettingsScreen.tsx(606,34): error TS2345: Argument of type '"gestureControls"' is not assignable to parameter of type '"_arGlassesEnabled" | "_visualOverlays" | "_gestureControls"'.
src/screens/NotificationSettingsScreen.tsx(32,5): error TS2353: Object literal may only specify known properties, and '_trailSharing' does not exist in type 'NotificationPreferences | (() => NotificationPreferences)'.
src/screens/NotificationSettingsScreen.tsx(84,59): error TS2304: Cannot find name 'value'.
src/screens/NotificationSettingsScreen.tsx(87,60): error TS2304: Cannot find name 'value'.
src/screens/NotificationSettingsScreen.tsx(91,13): error TS2304: Cannot find name 'value'.
src/screens/NotificationSettingsScreen.tsx(99,76): error TS2339: Property 'id' does not exist on type 'ScheduledNotification'.
src/screens/NotificationSettingsScreen.tsx(218,15): error TS2304: Cannot find name 'date'.
src/screens/NotificationSettingsScreen.tsx(218,44): error TS2304: Cannot find name 'date'.
src/screens/NotificationSettingsScreen.tsx(288,47): error TS2304: Cannot find name 'title'.
src/screens/NotificationSettingsScreen.tsx(289,53): error TS2304: Cannot find name 'description'.
src/screens/NotificationSettingsScreen.tsx(310,29): error TS2339: Property 'id' does not exist on type 'ScheduledNotification'.
src/screens/NotificationSettingsScreen.tsx(319,62): error TS2551: Property 'data' does not exist on type 'ScheduledNotification'. Did you mean '_data'?
src/screens/NotificationSettingsScreen.tsx(320,61): error TS2551: Property 'data' does not exist on type 'ScheduledNotification'. Did you mean '_data'?
src/screens/NotificationSettingsScreen.tsx(322,36): error TS2551: Property 'scheduledDate' does not exist on type 'ScheduledNotification'. Did you mean '_scheduledDate'?
src/screens/NotificationSettingsScreen.tsx(336,28): error TS2339: Property 'id' does not exist on type 'ScheduledNotification'.
src/screens/NotificationSettingsScreen.tsx(339,36): error TS2339: Property 'id' does not exist on type 'ScheduledNotification'.
src/screens/NotificationSettingsScreen.tsx(339,56): error TS2339: Property 'id' does not exist on type 'ScheduledNotification'.
src/screens/OfflineMapsScreen.tsx(31,5): error TS2353: Object literal may only specify known properties, and '_isOfflineMode' does not exist in type 'OfflineMapState | (() => OfflineMapState)'.
src/screens/OfflineMapsScreen.tsx(48,23): error TS2304: Cannot find name 'state'.
src/screens/OfflineMapsScreen.tsx(65,23): error TS2345: Argument of type '{ totalSizeBytes: number; regionSizes: { [regionId: string]: number; }; }' is not assignable to parameter of type 'SetStateAction<{ _totalSizeBytes: number; regionSizes: {}; }>'.
  Property '_totalSizeBytes' is missing in type '{ totalSizeBytes: number; regionSizes: { [regionId: string]: number; }; }' but required in type '{ _totalSizeBytes: number; regionSizes: {}; }'.
src/screens/OfflineMapsScreen.tsx(119,50): error TS2551: Property 'name' does not exist on type 'OfflineRegion'. Did you mean '_name'?
src/screens/OfflineMapsScreen.tsx(127,66): error TS2339: Property 'id' does not exist on type 'OfflineRegion'.
src/screens/OfflineMapsScreen.tsx(141,81): error TS2551: Property 'totalSizeBytes' does not exist on type '{ _totalSizeBytes: number; regionSizes: {}; }'. Did you mean '_totalSizeBytes'?
src/screens/OfflineMapsScreen.tsx(161,9): error TS2304: Cannot find name 'bytes'.
src/screens/OfflineMapsScreen.tsx(165,35): error TS2304: Cannot find name 'bytes'.
src/screens/OfflineMapsScreen.tsx(167,27): error TS2304: Cannot find name 'bytes'.
src/screens/OfflineMapsScreen.tsx(176,70): error TS2339: Property 'id' does not exist on type 'OfflineRegion'.
src/screens/OfflineMapsScreen.tsx(183,53): error TS2551: Property 'name' does not exist on type 'OfflineRegion'. Did you mean '_name'?
src/screens/OfflineMapsScreen.tsx(185,29): error TS2551: Property 'minZoom' does not exist on type 'OfflineRegion'. Did you mean '_minZoom'?
src/screens/OfflineMapsScreen.tsx(185,46): error TS2551: Property 'maxZoom' does not exist on type 'OfflineRegion'. Did you mean '_maxZoom'?
src/screens/OfflineMapsScreen.tsx(284,37): error TS2551: Property 'totalSizeBytes' does not exist on type '{ _totalSizeBytes: number; regionSizes: {}; }'. Did you mean '_totalSizeBytes'?
src/screens/OfflineMapsScreen.tsx(286,23): error TS2551: Property 'totalSizeBytes' does not exist on type '{ _totalSizeBytes: number; regionSizes: {}; }'. Did you mean '_totalSizeBytes'?
src/screens/OfflineMapsScreen.tsx(329,42): error TS2339: Property 'id' does not exist on type 'OfflineRegion'.
src/screens/SettingsScreen.tsx(92,55): error TS2551: Property 'name' does not exist on type 'User'. Did you mean '_name'?
src/screens/SettingsScreen.tsx(93,56): error TS2551: Property 'email' does not exist on type 'User'. Did you mean '_email'?
src/screens/TrailDetailsScreen.tsx(160,9): error TS2304: Cannot find name 'meters'.
src/screens/TrailDetailsScreen.tsx(161,28): error TS2304: Cannot find name 'meters'.
src/screens/TrailDetailsScreen.tsx(163,16): error TS2304: Cannot find name 'meters'.
src/screens/TrailDetailsScreen.tsx(167,30): error TS2304: Cannot find name 'minutes'.
src/screens/TrailDetailsScreen.tsx(168,18): error TS2304: Cannot find name 'minutes'.
src/screens/TrailDetailsScreen.tsx(198,31): error TS2551: Property 'dark' does not exist on type '{ colors: ThemeColors; _dark: boolean; typography: { fontSize: { _xs: number; _sm: number; _md: number; _lg: number; _xl: number; _xxl: number; _xxxl: number; }; fontFamily: { regular: string; medium: string; semiBold: string; bold: string; }; }; spacing: { ...; }; borderRadius: { ...; }; }'. Did you mean '_dark'?
src/screens/TrailDetailsScreen.tsx(203,28): error TS2551: Property 'dark' does not exist on type '{ colors: ThemeColors; _dark: boolean; typography: { fontSize: { _xs: number; _sm: number; _md: number; _lg: number; _xl: number; _xxl: number; _xxxl: number; }; fontFamily: { regular: string; medium: string; semiBold: string; bold: string; }; }; spacing: { ...; }; borderRadius: { ...; }; }'. Did you mean '_dark'?
src/screens/TrailDetailsScreen.tsx(544,37): error TS2304: Cannot find name '_88'.
src/screens/TrailDetailsScreen.tsx(545,41): error TS2304: Cannot find name '_44'.
src/screens/TrailDetailsScreen.tsx(572,34): error TS2304: Cannot find name '_54'.
src/screens/TrailsScreen.tsx(56,54): error TS2304: Cannot find name 'trailId'.
src/screens/TrailsScreen.tsx(68,9): error TS2304: Cannot find name 'meters'.
src/screens/TrailsScreen.tsx(69,28): error TS2304: Cannot find name 'meters'.
src/screens/TrailsScreen.tsx(71,16): error TS2304: Cannot find name 'meters'.
src/screens/TrailsScreen.tsx(85,21): error TS2304: Cannot find name 'dateInput'.
src/screens/TrailsScreen.tsx(91,24): error TS2304: Cannot find name 'trail'.
src/screens/TrailsScreen.tsx(92,14): error TS2304: Cannot find name 'trail'.
src/screens/TrailsScreen.tsx(94,12): error TS2304: Cannot find name 'trail'.
src/screens/TrailsScreen.tsx(98,32): error TS2304: Cannot find name 'trail'.
src/screens/TrailsScreen.tsx(101,19): error TS2304: Cannot find name 'trail'.
src/screens/TrailsScreen.tsx(102,19): error TS2304: Cannot find name 'trail'.
src/screens/TrailsScreen.tsx(103,24): error TS2304: Cannot find name 'trail'.
src/screens/TrailsScreen.tsx(108,17): error TS2304: Cannot find name 'trail'.
src/screens/TrailsScreen.tsx(109,28): error TS2304: Cannot find name 'trail'.
src/screens/TrailsScreen.tsx(110,22): error TS2304: Cannot find name 'trail'.
src/services/AccessibilityManager.ts(36,5): error TS2561: Object literal may only specify known properties, but 'screenReader' does not exist in type 'AccessibilitySettings'. Did you mean to write '_screenReader'?
src/services/AccessibilityManager.ts(66,14): error TS2551: Property 'settings' does not exist on type 'AccessibilityManager'. Did you mean '_settings'?
src/services/AccessibilityManager.ts(66,35): error TS2551: Property 'settings' does not exist on type 'AccessibilityManager'. Did you mean '_settings'?
src/services/AccessibilityManager.ts(77,29): error TS2551: Property 'settings' does not exist on type 'AccessibilityManager'. Did you mean '_settings'?
src/services/AccessibilityManager.ts(86,22): error TS2551: Property 'settings' does not exist on type 'AccessibilityManager'. Did you mean '_settings'?
src/services/AccessibilityManager.ts(93,10): error TS2551: Property 'settings' does not exist on type 'AccessibilityManager'. Did you mean '_settings'?
src/services/AccessibilityManager.ts(93,19): error TS2304: Cannot find name 'key'.
src/services/AccessibilityManager.ts(97,14): error TS2551: Property 'settings' does not exist on type 'AccessibilityManager'. Did you mean '_settings'?
src/services/AccessibilityManager.ts(110,12): error TS2551: Property 'settings' does not exist on type 'AccessibilityManager'. Did you mean '_settings'?
src/services/AccessibilityManager.ts(115,12): error TS2551: Property 'settings' does not exist on type 'AccessibilityManager'. Did you mean '_settings'?
src/services/AccessibilityManager.ts(121,14): error TS2551: Property 'settings' does not exist on type 'AccessibilityManager'. Did you mean '_settings'?
src/services/AccessibilityManager.ts(133,26): error TS2345: Argument of type '"screenReader"' is not assignable to parameter of type 'keyof AccessibilitySettings'.
src/services/AccessibilityManager.ts(158,15): error TS2551: Property 'settings' does not exist on type 'AccessibilityManager'. Did you mean '_settings'?
src/services/AccessibilityManager.ts(196,18): error TS2551: Property 'settings' does not exist on type 'AccessibilityManager'. Did you mean '_settings'?
src/services/AccessibilityManager.ts(211,23): error TS2304: Cannot find name 'baseFontSize'.
src/services/AccessibilityManager.ts(218,14): error TS2551: Property 'settings' does not exist on type 'AccessibilityManager'. Did you mean '_settings'?
src/services/AccessibilityManager.ts(219,47): error TS2304: Cannot find name 'baseColors'.
src/services/AccessibilityManager.ts(222,14): error TS2551: Property 'settings' does not exist on type 'AccessibilityManager'. Did you mean '_settings'?
src/services/AccessibilityManager.ts(226,12): error TS2304: Cannot find name 'baseColors'.
src/services/AccessibilityManager.ts(235,7): error TS2561: Object literal may only specify known properties, but 'text' does not exist in type 'AccessibilityColorScheme'. Did you mean to write '_text'?
src/services/AccessibilityManager.ts(248,18): error TS2551: Property 'settings' does not exist on type 'AccessibilityManager'. Did you mean '_settings'?
src/services/AccessibilityManager.ts(252,14): error TS2304: Cannot find name 'baseColors'.
src/services/AccessibilityManager.ts(261,14): error TS2304: Cannot find name 'baseColors'.
src/services/AccessibilityManager.ts(269,16): error TS2304: Cannot find name 'baseColors'.
src/services/AccessibilityManager.ts(277,17): error TS2551: Property 'settings' does not exist on type 'AccessibilityManager'. Did you mean '_settings'?
src/services/AccessibilityManager.ts(281,17): error TS2551: Property 'settings' does not exist on type 'AccessibilityManager'. Did you mean '_settings'?
src/services/AccessibilityManager.ts(281,45): error TS2304: Cannot find name 'baseDuration'.
src/services/AccessibilityManager.ts(285,17): error TS2551: Property 'settings' does not exist on type 'AccessibilityManager'. Did you mean '_settings'?
src/services/AccessibilityManager.ts(292,17): error TS2551: Property 'settings' does not exist on type 'AccessibilityManager'. Did you mean '_settings'?
src/services/AccessibilityManager.ts(300,30): error TS2304: Cannot find name 'label'.
src/services/AccessibilityManager.ts(314,16): error TS2304: Cannot find name 'action'.
src/services/AccessibilityManager.ts(342,7): error TS2304: Cannot find name 'trail'.
src/services/AccessibilityManager.ts(343,22): error TS2304: Cannot find name 'trail'.
src/services/AccessibilityManager.ts(343,41): error TS2304: Cannot find name 'trail'.
src/services/AccessibilityManager.ts(344,24): error TS2304: Cannot find name 'trail'.
src/services/AccessibilityManager.ts(344,45): error TS2304: Cannot find name 'trail'.
src/services/AccessibilityManager.ts(357,29): error TS2304: Cannot find name 'trail'.
src/services/AccessibilityManager.ts(357,76): error TS2304: Cannot find name 'trail'.
src/services/AccessibilityManager.ts(363,35): error TS2304: Cannot find name 'trails'.
src/services/AccessibilityManager.ts(384,15): error TS2551: Property 'settings' does not exist on type 'AccessibilityManager'. Did you mean '_settings'?
src/services/AccessibilityManager.ts(384,46): error TS2551: Property 'settings' does not exist on type 'AccessibilityManager'. Did you mean '_settings'?
src/services/AccessibilityManager.ts(390,39): error TS2551: Property 'settings' does not exist on type 'AccessibilityManager'. Did you mean '_settings'?
src/services/AccessibilityManager.ts(403,36): error TS2304: Cannot find name 'distanceCovered'.
src/services/AccessibilityManager.ts(403,54): error TS2304: Cannot find name 'totalDistance'.
src/services/AccessibilityManager.ts(418,37): error TS2304: Cannot find name 'title'.
src/services/AccessibilityManager.ts(421,52): error TS2304: Cannot find name 'title'.
src/services/AccessibilityManager.ts(442,10): error TS2304: Cannot find name 'style'.
src/services/AccessibilityManager.ts(445,35): error TS2304: Cannot find name 'style'.
src/services/AccessibilityManager.ts(446,33): error TS2304: Cannot find name 'style'.
src/services/AccessibilityManager.ts(463,28): error TS2551: Property 'settings' does not exist on type 'AccessibilityManager'. Did you mean '_settings'?
src/services/AccessibilityManager.ts(463,49): error TS2304: Cannot find name '_20'.
src/services/AccessibilityManager.ts(464,28): error TS2551: Property 'settings' does not exist on type 'AccessibilityManager'. Did you mean '_settings'?
src/services/AccessibilityManager.ts(464,49): error TS2304: Cannot find name '_16'.
src/services/AccessibilityManager.ts(465,26): error TS2551: Property 'settings' does not exist on type 'AccessibilityManager'. Did you mean '_settings'?
src/services/AccessibilityManager.ts(465,47): error TS2304: Cannot find name '_12'.
src/services/AccessibilityManager.ts(484,56): error TS2551: Property 'settings' does not exist on type 'AccessibilityManager'. Did you mean '_settings'?
src/services/AccessibilityManager.ts(520,5): error TS2739: Type '{ screenReader: boolean; haptics: boolean; colorContrast: boolean; touchTargets: boolean; announcements: boolean; }' is missing the following properties from type '{ screenReader: boolean; _haptics: boolean; _colorContrast: boolean; _touchTargets: boolean; _announcements: boolean; }': _haptics, _colorContrast, _touchTargets, _announcements
src/services/AIStoryService.ts(62,9): error TS2304: Cannot find name 'interests'.
src/services/AIStoryService.ts(82,52): error TS2304: Cannot find name 'interests'.
src/services/AIStoryService.ts(206,51): error TS2304: Cannot find name 'context'.
src/services/AIStoryService.ts(213,7): error TS2304: Cannot find name 'context'.
src/services/AIStoryService.ts(219,7): error TS2561: Object literal may only specify known properties, but 'title' does not exist in type 'StoryContent'. Did you mean to write '_title'?
src/services/AIStoryService.ts(221,68): error TS2304: Cannot find name 'context'.
src/services/AIStoryService.ts(226,21): error TS2304: Cannot find name 'context'.
src/services/AIStoryService.ts(226,38): error TS2304: Cannot find name 'context'.
src/services/AIStoryService.ts(275,22): error TS2304: Cannot find name 'interest'.
src/services/AIStoryService.ts(381,59): error TS2304: Cannot find name 'story'.
src/services/AIStoryService.ts(397,7): error TS2561: Object literal may only specify known properties, but 'title' does not exist in type 'StoryContent'. Did you mean to write '_title'?
src/services/AnalyticsManager.ts(302,47): error TS2552: Cannot find name 'availableTrails'. Did you mean '_availableTrails'?
src/services/AnalyticsManager.ts(303,54): error TS2552: Cannot find name 'availableTrails'. Did you mean '_availableTrails'?
src/services/AnalyticsManager.ts(322,12): error TS2552: Cannot find name 'trails'. Did you mean '_trails'?
src/services/AnalyticsManager.ts(336,9): error TS2552: Cannot find name 'trail'. Did you mean '_trail'?
src/services/AnalyticsManager.ts(341,55): error TS2304: Cannot find name 'trail'.
src/services/AnalyticsManager.ts(346,14): error TS2304: Cannot find name 'trail'.
src/services/AnalyticsManager.ts(352,35): error TS2304: Cannot find name 'trail'.
src/services/AnalyticsManager.ts(362,9): error TS2304: Cannot find name 'trail'.
src/services/AnalyticsManager.ts(364,54): error TS2304: Cannot find name 'trail'.
src/services/AnalyticsManager.ts(368,9): error TS2304: Cannot find name 'trail'.
src/services/AnalyticsManager.ts(372,9): error TS2304: Cannot find name 'trail'.
src/services/AnalyticsManager.ts(379,18): error TS2304: Cannot find name 'trail'.
src/services/AnalyticsManager.ts(449,9): error TS2561: Object literal may only specify known properties, but '_hour' does not exist in type '{ hour: number; reasoning: string; }'. Did you mean to write 'hour'?
src/services/AnalyticsManager.ts(721,14): error TS2304: Cannot find name 's'.
src/services/AnalyticsManager.ts(722,31): error TS2304: Cannot find name 's'.
src/services/AnalyticsManager.ts(723,20): error TS2304: Cannot find name 's'.
src/services/AnalyticsManager.ts(723,41): error TS2304: Cannot find name 's'.
src/services/AnalyticsManager.ts(724,25): error TS2304: Cannot find name 's'.
src/services/AnalyticsManager.ts(725,16): error TS2304: Cannot find name 'a'.
src/services/AnalyticsManager.ts(726,34): error TS2304: Cannot find name 'a'.
src/services/AnalyticsManager.ts(760,17): error TS2304: Cannot find name 'lat1'.
src/services/AnalyticsManager.ts(761,17): error TS2304: Cannot find name 'lat2'.
src/services/AnalyticsManager.ts(762,18): error TS2304: Cannot find name 'lat2'.
src/services/AnalyticsManager.ts(762,25): error TS2304: Cannot find name 'lat1'.
src/services/AnalyticsManager.ts(763,18): error TS2304: Cannot find name 'lon2'.
src/services/AnalyticsManager.ts(763,25): error TS2304: Cannot find name 'lon1'.
src/services/ApiService.ts(136,28): error TS2304: Cannot find name 'data'.
src/services/ApiService.ts(146,28): error TS2304: Cannot find name 'data'.
src/services/ApiService.ts(197,30): error TS2304: Cannot find name 'data'.
src/services/ApiService.ts(231,19): error TS2304: Cannot find name 'trailId'.
src/services/ApiService.ts(243,18): error TS2304: Cannot find name 'trailId'.
src/services/ApiService.ts(253,18): error TS2304: Cannot find name 'trailId'.
src/services/ApiService.ts(262,18): error TS2304: Cannot find name 'trailId'.
src/services/ApiService.ts(283,19): error TS2304: Cannot find name 'trailId'.
src/services/ApiService.ts(306,19): error TS2304: Cannot find name 'shareToken'.
src/services/AudioGuideService.ts(10,18): error TS2304: Cannot find name 'AudioGuidePoint'.
src/services/AudioGuideService.ts(26,5): error TS2561: Object literal may only specify known properties, but 'isPlaying' does not exist in type 'AudioGuideState'. Did you mean to write '_isPlaying'?
src/services/AudioGuideService.ts(45,7): error TS2561: Object literal may only specify known properties, but 'isPlaying' does not exist in type 'AudioGuideState'. Did you mean to write '_isPlaying'?
src/services/AudioGuideService.ts(86,57): error TS2304: Cannot find name 'options'.
src/services/AudioGuideService.ts(91,33): error TS2304: Cannot find name 'options'.
src/services/AudioGuideService.ts(123,37): error TS2304: Cannot find name 'options'.
src/services/AudioGuideService.ts(132,69): error TS2551: Property 'isPlaying' does not exist on type 'AudioGuideState'. Did you mean '_isPlaying'?
src/services/AudioGuideService.ts(141,23): error TS2304: Cannot find name 'AudioGuidePoint'.
src/services/AudioGuideService.ts(167,13): error TS2304: Cannot find name 'AudioGuidePoint'.
src/services/AudioGuideService.ts(174,18): error TS2551: Property 'isPlaying' does not exist on type 'AudioGuideState'. Did you mean '_isPlaying'?
src/services/AudioGuideService.ts(175,33): error TS2304: Cannot find name 'point'.
src/services/AudioGuideService.ts(181,35): error TS2304: Cannot find name 'point'.
src/services/AudioGuideService.ts(183,38): error TS2304: Cannot find name 'point'.
src/services/AudioGuideService.ts(187,36): error TS2304: Cannot find name 'point'.
src/services/AudioGuideService.ts(190,18): error TS2551: Property 'isPlaying' does not exist on type 'AudioGuideState'. Did you mean '_isPlaying'?
src/services/AudioGuideService.ts(199,13): error TS2304: Cannot find name 'AudioGuidePoint'.
src/services/AudioGuideService.ts(206,7): error TS2304: Cannot find name 'point'.
src/services/AudioGuideService.ts(213,56): error TS2304: Cannot find name 'point'.
src/services/AudioGuideService.ts(216,22): error TS2551: Property 'isPlaying' does not exist on type 'AudioGuideState'. Did you mean '_isPlaying'?
src/services/AudioGuideService.ts(218,57): error TS2304: Cannot find name 'point'.
src/services/AudioGuideService.ts(223,34): error TS2304: Cannot find name 'point'.
src/services/AudioGuideService.ts(232,43): error TS2304: Cannot find name 'AudioGuidePoint'.
src/services/AudioGuideService.ts(237,24): error TS2304: Cannot find name 'point'.
src/services/AudioGuideService.ts(242,54): error TS2304: Cannot find name 'point'.
src/services/AudioGuideService.ts(245,20): error TS2551: Property 'isPlaying' does not exist on type 'AudioGuideState'. Did you mean '_isPlaying'?
src/services/AudioGuideService.ts(247,55): error TS2304: Cannot find name 'point'.
src/services/AudioGuideService.ts(251,20): error TS2551: Property 'isPlaying' does not exist on type 'AudioGuideState'. Did you mean '_isPlaying'?
src/services/AudioGuideService.ts(286,16): error TS2551: Property 'isPlaying' does not exist on type 'AudioGuideState'. Did you mean '_isPlaying'?
src/services/AudioGuideService.ts(298,7): error TS2561: Object literal may only specify known properties, but 'isPlaying' does not exist in type 'AudioGuideState'. Did you mean to write '_isPlaying'?
src/services/AudioGuideService.ts(364,41): error TS2304: Cannot find name 'AudioGuidePoint'.
src/services/AudioGuideService.ts(398,23): error TS2304: Cannot find name 'pointId'.
src/services/AudioGuideService.ts(401,52): error TS2304: Cannot find name 'pointId'.
src/services/AudioGuideService.ts(411,58): error TS2304: Cannot find name 'meters'.
src/services/AudioGuideService.ts(436,12): error TS2304: Cannot find name 'AudioGuidePoint'.
src/services/BetaFeedbackService.ts(119,14): error TS2304: Cannot find name 'item'.
src/services/BetaFeedbackService.ts(120,31): error TS2304: Cannot find name 'item'.
src/services/BetaFeedbackService.ts(190,9): error TS2353: Object literal may only specify known properties, and 'id' does not exist in type 'FeedbackData'.
src/services/BetaFeedbackService.ts(239,9): error TS2561: Object literal may only specify known properties, but 'event' does not exist in type 'UsageAnalytics'. Did you mean to write '_event'?
src/services/BetaFeedbackService.ts(326,26): error TS2304: Cannot find name 'featureName'.
src/services/BetaFeedbackService.ts(327,32): error TS2304: Cannot find name 'featureName'.
src/services/BetaFeedbackService.ts(327,50): error TS2304: Cannot find name 'rating'.
src/services/BetaFeedbackService.ts(329,7): error TS2304: Cannot find name 'rating'.
src/services/BetaFeedbackService.ts(330,9): error TS18004: No value exists in scope for the shorthand property 'featureName'. Either declare one or provide an initializer.
src/services/BetaFeedbackService.ts(334,17): error TS2304: Cannot find name 'featureName'.
src/services/BetaFeedbackService.ts(335,7): error TS18004: No value exists in scope for the shorthand property 'rating'. Either declare one or provide an initializer.
src/services/BetaFeedbackService.ts(350,9): error TS2561: Object literal may only specify known properties, but 'surveyId' does not exist in type 'BetaSurveyResponse'. Did you mean to write '_surveyId'?
src/services/BetaFeedbackService.ts(428,19): error TS2551: Property 'submitted' does not exist on type 'FeedbackData'. Did you mean '_submitted'?
src/services/BetaFeedbackService.ts(434,18): error TS2551: Property 'submitted' does not exist on type 'FeedbackData'. Did you mean '_submitted'?
src/services/BetaFeedbackService.ts(435,51): error TS2339: Property 'id' does not exist on type 'FeedbackData'.
src/services/BetaFeedbackService.ts(486,20): error TS2551: Property 'submitted' does not exist on type 'FeedbackData'. Did you mean '_submitted'?
src/services/BetaFeedbackService.ts(493,5): error TS2741: Property '_pending' is missing in type '{ total: number; byType: Record<string, number>; submitted: number; pending: number; }' but required in type '{ total: number; byType: Record<string, number>; submitted: number; _pending: number; }'.
src/services/ConflictResolutionService.ts(78,14): error TS2551: Property 'state' does not exist on type 'ConflictResolutionService'. Did you mean '_state'?
src/services/ConflictResolutionService.ts(79,14): error TS2551: Property 'state' does not exist on type 'ConflictResolutionService'. Did you mean '_state'?
src/services/ConflictResolutionService.ts(89,32): error TS2551: Property 'state' does not exist on type 'ConflictResolutionService'. Did you mean '_state'?
src/services/ConflictResolutionService.ts(90,33): error TS2551: Property 'state' does not exist on type 'ConflictResolutionService'. Did you mean '_state'?
src/services/ConflictResolutionService.ts(104,14): error TS2551: Property 'state' does not exist on type 'ConflictResolutionService'. Did you mean '_state'?
src/services/ConflictResolutionService.ts(105,19): error TS2551: Property 'state' does not exist on type 'ConflictResolutionService'. Did you mean '_state'?
src/services/ConflictResolutionService.ts(115,10): error TS2551: Property 'state' does not exist on type 'ConflictResolutionService'. Did you mean '_state'?
src/services/ConflictResolutionService.ts(115,37): error TS2551: Property 'state' does not exist on type 'ConflictResolutionService'. Did you mean '_state'?
src/services/ConflictResolutionService.ts(120,29): error TS2551: Property 'state' does not exist on type 'ConflictResolutionService'. Did you mean '_state'?
src/services/ConflictResolutionService.ts(136,9): error TS2304: Cannot find name 'localData'.
src/services/ConflictResolutionService.ts(136,29): error TS2304: Cannot find name 'remoteData'.
src/services/ConflictResolutionService.ts(137,32): error TS2304: Cannot find name 'localData'.
src/services/ConflictResolutionService.ts(138,29): error TS2304: Cannot find name 'remoteData'.
src/services/ConflictResolutionService.ts(139,24): error TS2304: Cannot find name 't'.
src/services/ConflictResolutionService.ts(152,17): error TS2551: Property 'state' does not exist on type 'ConflictResolutionService'. Did you mean '_state'?
src/services/ConflictResolutionService.ts(153,14): error TS2551: Property 'state' does not exist on type 'ConflictResolutionService'. Did you mean '_state'?
src/services/ConflictResolutionService.ts(179,11): error TS2304: Cannot find name 'localTrail'.
src/services/ConflictResolutionService.ts(179,33): error TS2304: Cannot find name 'remoteTrail'.
src/services/ConflictResolutionService.ts(182,38): error TS2304: Cannot find name 'localTrail'.
src/services/ConflictResolutionService.ts(183,39): error TS2304: Cannot find name 'remoteTrail'.
src/services/ConflictResolutionService.ts(195,9): error TS2304: Cannot find name 'localTrail'.
src/services/ConflictResolutionService.ts(195,35): error TS2304: Cannot find name 'remoteTrail'.
src/services/ConflictResolutionService.ts(196,11): error TS2304: Cannot find name 'localTrail'.
src/services/ConflictResolutionService.ts(196,45): error TS2304: Cannot find name 'remoteTrail'.
src/services/ConflictResolutionService.ts(200,29): error TS2304: Cannot find name 'localTrail'.
src/services/ConflictResolutionService.ts(202,22): error TS2304: Cannot find name 'a'.
src/services/ConflictResolutionService.ts(202,56): error TS2304: Cannot find name 'b'.
src/services/ConflictResolutionService.ts(204,30): error TS2304: Cannot find name 'remoteTrail'.
src/services/ConflictResolutionService.ts(206,22): error TS2304: Cannot find name 'a'.
src/services/ConflictResolutionService.ts(206,56): error TS2304: Cannot find name 'b'.
src/services/ConflictResolutionService.ts(226,23): error TS2304: Cannot find name 'localTrail'.
src/services/ConflictResolutionService.ts(228,19): error TS2304: Cannot find name 'localTrail'.
src/services/ConflictResolutionService.ts(229,7): error TS2561: Object literal may only specify known properties, but 'localVersion' does not exist in type 'DataConflict'. Did you mean to write '_localVersion'?
src/services/ConflictResolutionService.ts(229,21): error TS2304: Cannot find name 'localTrail'.
src/services/ConflictResolutionService.ts(230,22): error TS2304: Cannot find name 'remoteTrail'.
src/services/ConflictResolutionService.ts(242,27): error TS2551: Property 'state' does not exist on type 'ConflictResolutionService'. Did you mean '_state'?
src/services/ConflictResolutionService.ts(243,23): error TS2304: Cannot find name 'conflictId'.
src/services/ConflictResolutionService.ts(246,35): error TS2304: Cannot find name 'conflictId'.
src/services/ConflictResolutionService.ts(291,12): error TS2551: Property 'state' does not exist on type 'ConflictResolutionService'. Did you mean '_state'?
src/services/ConflictResolutionService.ts(291,42): error TS2551: Property 'state' does not exist on type 'ConflictResolutionService'. Did you mean '_state'?
src/services/ConflictResolutionService.ts(292,25): error TS2304: Cannot find name 'conflictId'.
src/services/ConflictResolutionService.ts(294,12): error TS2551: Property 'state' does not exist on type 'ConflictResolutionService'. Did you mean '_state'?
src/services/ConflictResolutionService.ts(304,25): error TS2304: Cannot find name 'localData'.
src/services/ConflictResolutionService.ts(307,18): error TS2551: Property 'state' does not exist on type 'ConflictResolutionService'. Did you mean '_state'?
src/services/ConflictResolutionService.ts(310,36): error TS2304: Cannot find name 'localData'.
src/services/ConflictResolutionService.ts(311,37): error TS2304: Cannot find name 'remoteData'.
src/services/ConflictResolutionService.ts(315,33): error TS2304: Cannot find name 'remoteData'.
src/services/ConflictResolutionService.ts(316,15): error TS2304: Cannot find name 'localData'.
src/services/ConflictResolutionService.ts(316,40): error TS2304: Cannot find name 'remoteData'.
src/services/ConflictResolutionService.ts(317,17): error TS2304: Cannot find name 'localData'.
src/services/ConflictResolutionService.ts(317,48): error TS2304: Cannot find name 'remoteData'.
src/services/ConflictResolutionService.ts(318,36): error TS2304: Cannot find name 'localData'.
src/services/ConflictResolutionService.ts(326,13): error TS2304: Cannot find name 'localData'.
src/services/ConflictResolutionService.ts(326,38): error TS2304: Cannot find name 'remoteData'.
src/services/ConflictResolutionService.ts(327,15): error TS2304: Cannot find name 'remoteData'.
src/services/ConflictResolutionService.ts(327,47): error TS2304: Cannot find name 'localData'.
src/services/ConflictResolutionService.ts(328,34): error TS2304: Cannot find name 'remoteData'.
src/services/ConflictResolutionService.ts(329,31): error TS2304: Cannot find name 'remoteData'.
src/services/ConflictResolutionService.ts(330,31): error TS2304: Cannot find name 'remoteData'.
src/services/ConflictResolutionService.ts(335,36): error TS2304: Cannot find name 'localData'.
src/services/ConflictResolutionService.ts(336,37): error TS2304: Cannot find name 'remoteData'.
src/services/ConflictResolutionService.ts(338,25): error TS2304: Cannot find name 'remoteData'.
src/services/ConflictResolutionService.ts(339,32): error TS2304: Cannot find name 'remoteData'.
src/services/ConflictResolutionService.ts(356,13): error TS2551: Property 'state' does not exist on type 'ConflictResolutionService'. Did you mean '_state'?
src/services/ConflictResolutionService.ts(357,12): error TS2551: Property 'state' does not exist on type 'ConflictResolutionService'. Did you mean '_state'?
src/services/ConflictResolutionService.ts(362,10): error TS2551: Property 'state' does not exist on type 'ConflictResolutionService'. Did you mean '_state'?
src/services/ConflictResolutionService.ts(366,43): error TS2551: Property 'state' does not exist on type 'ConflictResolutionService'. Did you mean '_state'?
src/services/ConflictResolutionService.ts(371,18): error TS2551: Property 'state' does not exist on type 'ConflictResolutionService'. Did you mean '_state'?
src/services/ConflictResolutionService.ts(373,25): error TS2551: Property 'state' does not exist on type 'ConflictResolutionService'. Did you mean '_state'?
src/services/ConflictResolutionService.ts(382,12): error TS2551: Property 'state' does not exist on type 'ConflictResolutionService'. Did you mean '_state'?
src/services/ConflictResolutionService.ts(388,10): error TS2551: Property 'state' does not exist on type 'ConflictResolutionService'. Did you mean '_state'?
src/services/ConflictResolutionService.ts(394,21): error TS2551: Property 'state' does not exist on type 'ConflictResolutionService'. Did you mean '_state'?
src/services/ConflictResolutionService.ts(398,21): error TS2551: Property 'state' does not exist on type 'ConflictResolutionService'. Did you mean '_state'?
src/services/ConflictResolutionService.ts(402,22): error TS2551: Property 'state' does not exist on type 'ConflictResolutionService'. Did you mean '_state'?
src/services/ConflictResolutionService.ts(406,17): error TS2551: Property 'state' does not exist on type 'ConflictResolutionService'. Did you mean '_state'?
src/services/ConflictResolutionService.ts(448,19): error TS2304: Cannot find name 'localTrails'.
src/services/ConflictResolutionService.ts(464,24): error TS2551: Property 'state' does not exist on type 'ConflictResolutionService'. Did you mean '_state'?
src/services/ConflictResolutionService.ts(467,10): error TS2551: Property 'state' does not exist on type 'ConflictResolutionService'. Did you mean '_state'?
src/services/EnhancedTrailService.ts(15,69): error TS2304: Cannot find name 'data'.
src/services/EnhancedTrailService.ts(58,5): error TS2561: Object literal may only specify known properties, but 'isRecording' does not exist in type 'TrailRecordingState'. Did you mean to write '_isRecording'?
src/services/EnhancedTrailService.ts(132,39): error TS2304: Cannot find name 'trailId'.
src/services/EnhancedTrailService.ts(136,39): error TS2304: Cannot find name 'trailId'.
src/services/ErrorHandler.ts(60,44): error TS2304: Cannot find name 'error'.
src/services/ErrorHandler.ts(60,51): error TS2304: Cannot find name 'context'.
src/services/ErrorHandler.ts(87,7): error TS2739: Type '{}' is missing the following properties from type 'Error': name, message
src/services/ErrorHandler.ts(87,22): error TS2304: Cannot find name 'error'.
src/services/ErrorHandler.ts(96,9): error TS2304: Cannot find name 'error'.
src/services/ErrorHandler.ts(97,23): error TS2304: Cannot find name 'error'.
src/services/ErrorHandler.ts(102,11): error TS2304: Cannot find name 'errorInfo'.
src/services/ErrorHandler.ts(103,16): error TS2304: Cannot find name 'errorInfo'.
src/services/ErrorHandler.ts(112,11): error TS2304: Cannot find name 'errorInfo'.
src/services/ErrorHandler.ts(113,16): error TS2304: Cannot find name 'errorInfo'.
src/services/ErrorHandler.ts(122,11): error TS2304: Cannot find name 'errorInfo'.
src/services/ErrorHandler.ts(123,16): error TS2304: Cannot find name 'errorInfo'.
src/services/ErrorHandler.ts(140,9): error TS2304: Cannot find name 'errorInfo'.
src/services/ErrorHandler.ts(141,14): error TS2304: Cannot find name 'errorInfo'.
src/services/ErrorHandler.ts(143,20): error TS2304: Cannot find name 'error'.
src/services/ErrorHandler.ts(156,9): error TS2304: Cannot find name 'errorInfo'.
src/services/ErrorHandler.ts(157,14): error TS2304: Cannot find name 'errorInfo'.
src/services/ErrorHandler.ts(159,20): error TS2304: Cannot find name 'error'.
src/services/ErrorHandler.ts(173,9): error TS2304: Cannot find name 'errorInfo'.
src/services/ErrorHandler.ts(174,14): error TS2304: Cannot find name 'errorInfo'.
src/services/ErrorHandler.ts(176,20): error TS2304: Cannot find name 'error'.
src/services/ErrorHandler.ts(186,9): error TS2304: Cannot find name 'errorInfo'.
src/services/ErrorHandler.ts(187,14): error TS2304: Cannot find name 'errorInfo'.
src/services/ErrorHandler.ts(189,20): error TS2304: Cannot find name 'error'.
src/services/ErrorHandler.ts(198,9): error TS2304: Cannot find name 'errorInfo'.
src/services/ErrorHandler.ts(199,14): error TS2304: Cannot find name 'errorInfo'.
src/services/ErrorHandler.ts(201,20): error TS2304: Cannot find name 'error'.
src/services/ErrorHandler.ts(210,12): error TS2304: Cannot find name 'errorInfo'.
src/services/ErrorHandler.ts(221,24): error TS2304: Cannot find name 'errorInfo'.
src/services/ErrorHandler.ts(231,15): error TS2304: Cannot find name 'errorInfo'.
src/services/ErrorHandler.ts(232,18): error TS2304: Cannot find name 'errorInfo'.
src/services/ErrorHandler.ts(233,18): error TS2304: Cannot find name 'errorInfo'.
src/services/ErrorHandler.ts(234,20): error TS2304: Cannot find name 'errorInfo'.
src/services/ErrorHandler.ts(235,24): error TS2304: Cannot find name 'errorInfo'.
src/services/ErrorHandler.ts(245,14): error TS2304: Cannot find name 'errorInfo'.
src/services/ErrorHandler.ts(246,26): error TS2304: Cannot find name 'errorInfo'.
src/services/ErrorHandler.ts(265,45): error TS2304: Cannot find name 'errorInfo'.
src/services/ErrorHandler.ts(268,27): error TS2304: Cannot find name 'errorInfo'.
src/services/ErrorHandler.ts(273,27): error TS2304: Cannot find name 'errorInfo'.
src/services/ErrorHandler.ts(277,31): error TS2551: Property 'action' does not exist on type 'RecoveryAction'. Did you mean '_action'?
src/services/ErrorHandler.ts(287,25): error TS2551: Property 'action' does not exist on type 'RecoveryAction'. Did you mean '_action'?
src/services/ErrorHandler.ts(292,25): error TS2304: Cannot find name 'errorInfo'.
src/services/ErrorHandler.ts(304,13): error TS2304: Cannot find name 'errorInfo'.
src/services/ErrorHandler.ts(333,13): error TS2561: Object literal may only specify known properties, but 'action' does not exist in type 'RecoveryAction'. Did you mean to write '_action'?
src/services/ErrorHandler.ts(339,11): error TS2561: Object literal may only specify known properties, but 'action' does not exist in type 'RecoveryAction'. Did you mean to write '_action'?
src/services/ErrorHandler.ts(347,11): error TS2561: Object literal may only specify known properties, but 'action' does not exist in type 'RecoveryAction'. Did you mean to write '_action'?
src/services/ErrorHandler.ts(353,13): error TS2561: Object literal may only specify known properties, but 'action' does not exist in type 'RecoveryAction'. Did you mean to write '_action'?
src/services/ErrorHandler.ts(360,13): error TS2304: Cannot find name 'errorInfo'.
src/services/ErrorHandler.ts(363,13): error TS2561: Object literal may only specify known properties, but 'action' does not exist in type 'RecoveryAction'. Did you mean to write '_action'?
src/services/ErrorHandler.ts(403,28): error TS2304: Cannot find name 'error'.
src/services/ErrorHandler.ts(416,11): error TS2561: Object literal may only specify known properties, but '_maxAge' does not exist in type 'LocationLastKnownOptions'. Did you mean to write 'maxAge'?
src/services/LocationService.ts(81,11): error TS2561: Object literal may only specify known properties, but '_timeInterval' does not exist in type 'LocationOptions'. Did you mean to write 'timeInterval'?
src/services/NavigationService.ts(26,62): error TS2304: Cannot find name 'action'.
src/services/NavigationService.ts(32,56): error TS2304: Cannot find name 'options'.
src/services/NavigationService.ts(56,56): error TS2304: Cannot find name 'notificationData'.
src/services/NavigationService.ts(84,42): error TS2304: Cannot find name 'url'.
src/services/NotificationService.ts(100,7): error TS2322: Type '(notification: Notification) => Promise<{ _shouldShowAlert: boolean; shouldPlaySound: boolean; _shouldSetBadge: boolean; _shouldShowBanner: boolean; _shouldShowList: boolean; }>' is not assignable to type '(notification: Notification) => Promise<NotificationBehavior>'.
  Type 'Promise<{ _shouldShowAlert: boolean; shouldPlaySound: boolean; _shouldSetBadge: boolean; _shouldShowBanner: boolean; _shouldShowList: boolean; }>' is not assignable to type 'Promise<NotificationBehavior>'.
    Type '{ _shouldShowAlert: boolean; shouldPlaySound: boolean; _shouldSetBadge: boolean; _shouldShowBanner: boolean; _shouldShowList: boolean; }' is missing the following properties from type 'NotificationBehavior': shouldShowBanner, shouldShowList, shouldSetBadge
src/services/NotificationService.ts(188,16): error TS2304: Cannot find name 'notif'.
src/services/NotificationService.ts(189,37): error TS2304: Cannot find name 'notif'.
src/services/NotificationService.ts(285,15): error TS2339: Property '_data' does not exist on type 'ExpoPushToken'.
src/services/NotificationService.ts(398,11): error TS2353: Object literal may only specify known properties, and '_date' does not exist in type 'ChannelAwareTriggerInput | DateTriggerInput'.
src/services/NotificationService.ts(404,9): error TS2353: Object literal may only specify known properties, and 'id' does not exist in type 'ScheduledNotification'.
src/services/NotificationService.ts(433,60): error TS2304: Cannot find name 'notificationId'.
src/services/NotificationService.ts(436,26): error TS2339: Property 'id' does not exist on type 'ScheduledNotification'.
src/services/NotificationService.ts(436,33): error TS2304: Cannot find name 'notificationId'.
src/services/NotificationService.ts(444,47): error TS2304: Cannot find name 'notificationId'.
src/services/NotificationService.ts(470,7): error TS18004: No value exists in scope for the shorthand property 'shareId'. Either declare one or provide an initializer.
src/services/NotificationService.ts(472,16): error TS2304: Cannot find name 'sharedBy'.
src/services/NotificationService.ts(472,36): error TS2304: Cannot find name 'trailName'.
src/services/NotificationService.ts(473,15): error TS18004: No value exists in scope for the shorthand property 'shareId'. Either declare one or provide an initializer.
src/services/NotificationService.ts(473,24): error TS18004: No value exists in scope for the shorthand property 'sharedBy'. Either declare one or provide an initializer.
src/services/NotificationService.ts(473,34): error TS18004: No value exists in scope for the shorthand property 'trailName'. Either declare one or provide an initializer.
src/services/NotificationService.ts(491,7): error TS18004: No value exists in scope for the shorthand property 'trailId'. Either declare one or provide an initializer.
src/services/NotificationService.ts(493,17): error TS2304: Cannot find name 'trailName'.
src/services/NotificationService.ts(493,40): error TS2304: Cannot find name 'updateType'.
src/services/NotificationService.ts(494,15): error TS18004: No value exists in scope for the shorthand property 'trailId'. Either declare one or provide an initializer.
src/services/NotificationService.ts(494,24): error TS18004: No value exists in scope for the shorthand property 'updateType'. Either declare one or provide an initializer.
src/services/NotificationService.ts(506,45): error TS2304: Cannot find name 'syncedCount'.
src/services/NotificationService.ts(511,16): error TS2304: Cannot find name 'syncedCount'.
src/services/NotificationService.ts(511,36): error TS2304: Cannot find name 'syncedCount'.
src/services/NotificationService.ts(512,15): error TS18004: No value exists in scope for the shorthand property 'syncedCount'. Either declare one or provide an initializer.
src/services/NotificationService.ts(530,55): error TS2339: Property 'id' does not exist on type 'ScheduledNotification'.
src/services/NotificationService.ts(582,26): error TS2551: Property 'scheduledDate' does not exist on type 'ScheduledNotification'. Did you mean '_scheduledDate'?
src/services/OfflineMapManager.ts(107,9): error TS2561: Object literal may only specify known properties, but '_intermediates' does not exist in type 'MakeDirectoryOptions'. Did you mean to write 'intermediates'?
src/services/OfflineMapManager.ts(110,9): error TS2561: Object literal may only specify known properties, but '_intermediates' does not exist in type 'MakeDirectoryOptions'. Did you mean to write 'intermediates'?
src/services/OfflineMapManager.ts(113,9): error TS2561: Object literal may only specify known properties, but '_intermediates' does not exist in type 'MakeDirectoryOptions'. Did you mean to write 'intermediates'?
src/services/OfflineMapManager.ts(148,52): error TS2304: Cannot find name 'minZoom'.
src/services/OfflineMapManager.ts(148,61): error TS2304: Cannot find name 'maxZoom'.
src/services/OfflineMapManager.ts(151,9): error TS2561: Object literal may only specify known properties, but 'regionId' does not exist in type 'DownloadProgress'. Did you mean to write '_regionId'?
src/services/OfflineMapManager.ts(151,9): error TS18004: No value exists in scope for the shorthand property 'regionId'. Either declare one or provide an initializer.
src/services/OfflineMapManager.ts(182,11): error TS2561: Object literal may only specify known properties, but 'regionId' does not exist in type 'DownloadProgress'. Did you mean to write '_regionId'?
src/services/OfflineMapManager.ts(182,11): error TS18004: No value exists in scope for the shorthand property 'regionId'. Either declare one or provide an initializer.
src/services/OfflineMapManager.ts(201,9): error TS2353: Object literal may only specify known properties, and 'id' does not exist in type 'OfflineMapRegion'.
src/services/OfflineMapManager.ts(201,13): error TS2304: Cannot find name 'regionId'.
src/services/OfflineMapManager.ts(204,9): error TS18004: No value exists in scope for the shorthand property 'minZoom'. Either declare one or provide an initializer.
src/services/OfflineMapManager.ts(205,9): error TS18004: No value exists in scope for the shorthand property 'maxZoom'. Either declare one or provide an initializer.
src/services/OfflineMapManager.ts(207,46): error TS2304: Cannot find name 'regionId'.
src/services/OfflineMapManager.ts(212,37): error TS2304: Cannot find name 'region'.
src/services/OfflineMapManager.ts(239,12): error TS2304: Cannot find name 'region'.
src/services/OfflineMapManager.ts(240,32): error TS2304: Cannot find name 'region'.
src/services/OfflineMapManager.ts(254,50): error TS2304: Cannot find name 'regionId'.
src/services/OfflineMapManager.ts(262,55): error TS2339: Property 'id' does not exist on type 'OfflineMapRegion'.
src/services/OfflineMapManager.ts(262,62): error TS2304: Cannot find name 'regionId'.
src/services/OfflineMapManager.ts(281,9): error TS2561: Object literal may only specify known properties, but 'totalSize' does not exist in type '{ _totalSize: number; regionCount: number; }'. Did you mean to write '_totalSize'?
src/services/OfflineMapManager.ts(286,16): error TS2561: Object literal may only specify known properties, but 'totalSize' does not exist in type '{ _totalSize: number; regionCount: number; }'. Did you mean to write '_totalSize'?
src/services/OfflineMapManager.ts(300,11): error TS2561: Object literal may only specify known properties, but '_intermediates' does not exist in type 'MakeDirectoryOptions'. Did you mean to write 'intermediates'?
src/services/OfflineMapManager.ts(346,49): error TS2304: Cannot find name 'regionId'.
src/services/OfflineMapManager.ts(369,36): error TS2304: Cannot find name 'baseStyle'.
src/services/OfflineMapManager.ts(379,47): error TS2304: Cannot find name 'regionId'.
src/services/OfflineMapManager.ts(386,51): error TS2304: Cannot find name 'regionId'.
src/services/OfflineMapManager.ts(386,63): error TS2304: Cannot find name 'baseStyle'.
src/services/OfflineMapManager.ts(458,13): error TS2353: Object literal may only specify known properties, and 'x' does not exist in type 'TileInfo'.
src/services/OfflineMapManager.ts(473,70): error TS2551: Property 'regionId' does not exist on type 'DownloadProgress'. Did you mean '_regionId'?
src/services/OfflineMapManager.ts(473,82): error TS2304: Cannot find name 'tile'.
src/services/OfflineMapManager.ts(473,92): error TS2304: Cannot find name 'tile'.
src/services/OfflineMapManager.ts(476,37): error TS2304: Cannot find name 'tile'.
src/services/OfflineMapManager.ts(485,61): error TS2304: Cannot find name 'tile'.
src/services/OfflineMapManager.ts(492,36): error TS2304: Cannot find name 'tile'.
src/services/OfflineMapManager.ts(492,46): error TS2304: Cannot find name 'tile'.
src/services/OfflineMapManager.ts(492,56): error TS2304: Cannot find name 'tile'.
src/services/OfflineMapManager.ts(519,63): error TS2339: Property 'id' does not exist on type 'OfflineMapRegion'.
src/services/OfflineMapManager.ts(519,77): error TS2339: Property 'id' does not exist on type 'OfflineMapRegion'.
src/services/OfflineMapManager.ts(553,53): error TS2304: Cannot find name 'directory'.
src/services/OfflineMapManager.ts(559,63): error TS2304: Cannot find name 'directory'.
src/services/OfflineMapManager.ts(562,29): error TS2304: Cannot find name 'directory'.
src/services/OfflineMapManager.ts(587,59): error TS2339: Property 'id' does not exist on type 'OfflineMapRegion'.
src/services/OfflineMapManager.ts(592,42): error TS2339: Property 'id' does not exist on type 'OfflineMapRegion'.
src/services/OfflineMapService.ts(54,11): error TS2561: Object literal may only specify known properties, but '_intermediates' does not exist in type 'MakeDirectoryOptions'. Did you mean to write 'intermediates'?
src/services/OfflineMapService.ts(73,14): error TS2551: Property 'state' does not exist on type 'OfflineMapService'. Did you mean '_state'?
src/services/OfflineMapService.ts(84,29): error TS2551: Property 'state' does not exist on type 'OfflineMapService'. Did you mean '_state'?
src/services/OfflineMapService.ts(105,12): error TS2551: Property 'state' does not exist on type 'OfflineMapService'. Did you mean '_state'?
src/services/OfflineMapService.ts(110,12): error TS2551: Property 'state' does not exist on type 'OfflineMapService'. Did you mean '_state'?
src/services/OfflineMapService.ts(126,7): error TS2353: Object literal may only specify known properties, and 'id' does not exist in type 'OfflineRegion'.
src/services/OfflineMapService.ts(137,10): error TS2551: Property 'state' does not exist on type 'OfflineMapService'. Did you mean '_state'?
src/services/OfflineMapService.ts(145,25): error TS2551: Property 'state' does not exist on type 'OfflineMapService'. Did you mean '_state'?
src/services/OfflineMapService.ts(145,69): error TS2304: Cannot find name 'regionId'.
src/services/OfflineMapService.ts(147,41): error TS2304: Cannot find name 'regionId'.
src/services/OfflineMapService.ts(150,14): error TS2551: Property 'state' does not exist on type 'OfflineMapService'. Did you mean '_state'?
src/services/OfflineMapService.ts(150,43): error TS2304: Cannot find name 'regionId'.
src/services/OfflineMapService.ts(151,33): error TS2304: Cannot find name 'regionId'.
src/services/OfflineMapService.ts(154,10): error TS2551: Property 'state' does not exist on type 'OfflineMapService'. Did you mean '_state'?
src/services/OfflineMapService.ts(154,39): error TS2304: Cannot find name 'regionId'.
src/services/OfflineMapService.ts(164,12): error TS2551: Property 'state' does not exist on type 'OfflineMapService'. Did you mean '_state'?
src/services/OfflineMapService.ts(164,44): error TS2304: Cannot find name 'regionId'.
src/services/OfflineMapService.ts(169,12): error TS2551: Property 'state' does not exist on type 'OfflineMapService'. Did you mean '_state'?
src/services/OfflineMapService.ts(169,44): error TS2304: Cannot find name 'regionId'.
src/services/OfflineMapService.ts(179,7): error TS2304: Cannot find name 'region'.
src/services/OfflineMapService.ts(180,7): error TS2304: Cannot find name 'region'.
src/services/OfflineMapService.ts(181,7): error TS2304: Cannot find name 'region'.
src/services/OfflineMapService.ts(185,48): error TS2304: Cannot find name 'region'.
src/services/OfflineMapService.ts(188,56): error TS2561: Object literal may only specify known properties, but '_intermediates' does not exist in type 'MakeDirectoryOptions'. Did you mean to write 'intermediates'?
src/services/OfflineMapService.ts(192,21): error TS2304: Cannot find name 'region'.
src/services/OfflineMapService.ts(192,45): error TS2304: Cannot find name 'region'.
src/services/OfflineMapService.ts(193,43): error TS2304: Cannot find name 'region'.
src/services/OfflineMapService.ts(201,11): error TS2304: Cannot find name 'region'.
src/services/OfflineMapService.ts(224,57): error TS2304: Cannot find name 'z'.
src/services/OfflineMapService.ts(224,62): error TS2304: Cannot find name 'x'.
src/services/OfflineMapService.ts(224,67): error TS2304: Cannot find name 'y'.
src/services/OfflineMapService.ts(225,25): error TS2304: Cannot find name 'regionDir'.
src/services/OfflineMapService.ts(225,37): error TS2304: Cannot find name 'z'.
src/services/OfflineMapService.ts(225,42): error TS2304: Cannot find name 'x'.
src/services/OfflineMapService.ts(225,47): error TS2304: Cannot find name 'y'.
src/services/OfflineMapService.ts(262,46): error TS2304: Cannot find name 'zoom'.
src/services/OfflineMapService.ts(263,46): error TS2304: Cannot find name 'zoom'.
src/services/OfflineMapService.ts(264,46): error TS2304: Cannot find name 'zoom'.
src/services/OfflineMapService.ts(265,46): error TS2304: Cannot find name 'zoom'.
src/services/OfflineMapService.ts(279,25): error TS2304: Cannot find name 'lng'.
src/services/OfflineMapService.ts(279,57): error TS2304: Cannot find name 'zoom'.
src/services/OfflineMapService.ts(286,21): error TS2304: Cannot find name 'lat'.
src/services/OfflineMapService.ts(286,59): error TS2304: Cannot find name 'lat'.
src/services/OfflineMapService.ts(290,21): error TS2304: Cannot find name 'zoom'.
src/services/OfflineMapService.ts(295,30): error TS2551: Property 'state' does not exist on type 'OfflineMapService'. Did you mean '_state'?
src/services/OfflineMapService.ts(296,23): error TS2304: Cannot find name 'regionId'.
src/services/OfflineMapService.ts(299,41): error TS2304: Cannot find name 'regionId'.
src/services/OfflineMapService.ts(303,48): error TS2304: Cannot find name 'regionId'.
src/services/OfflineMapService.ts(311,53): error TS2304: Cannot find name 'regionId'.
src/services/OfflineMapService.ts(317,10): error TS2551: Property 'state' does not exist on type 'OfflineMapService'. Did you mean '_state'?
src/services/OfflineMapService.ts(337,10): error TS2551: Property 'state' does not exist on type 'OfflineMapService'. Did you mean '_state'?
src/services/OfflineMapService.ts(338,10): error TS2551: Property 'state' does not exist on type 'OfflineMapService'. Did you mean '_state'?
src/services/OfflineMapService.ts(345,21): error TS2551: Property 'state' does not exist on type 'OfflineMapService'. Did you mean '_state'?
src/services/OfflineMapService.ts(349,22): error TS2551: Property 'state' does not exist on type 'OfflineMapService'. Did you mean '_state'?
src/services/OfflineMapService.ts(355,17): error TS2551: Property 'state' does not exist on type 'OfflineMapService'. Did you mean '_state'?
src/services/OfflineMapService.ts(372,10): error TS2551: Property 'state' does not exist on type 'OfflineMapService'. Did you mean '_state'?
src/services/OfflineMapService.ts(372,32): error TS2304: Cannot find name 'isOffline'.
src/services/OfflineMapService.ts(414,31): error TS2551: Property 'state' does not exist on type 'OfflineMapService'. Did you mean '_state'?
src/services/OpenAITTSService.ts(135,19): error TS2304: Cannot find name 'text'.
src/services/OpenAITTSService.ts(180,9): error TS2561: Object literal may only specify known properties, but '_allowsRecordingIOS' does not exist in type 'Partial<AudioMode>'. Did you mean to write 'allowsRecordingIOS'?
src/services/OpenAITTSService.ts(188,36): error TS2304: Cannot find name 'audioBuffer'.
src/services/OpenAITTSService.ts(199,11): error TS2561: Object literal may only specify known properties, but '_shouldPlay' does not exist in type 'AVPlaybackStatusToSet'. Did you mean to write 'shouldPlay'?
src/services/OpenAITTSService.ts(229,9): error TS2304: Cannot find name 'text'.
src/services/PerformanceManager.ts(64,20): error TS2304: Cannot find name 'key'.
src/services/PerformanceManager.ts(65,7): error TS2561: Object literal may only specify known properties, but 'data' does not exist in type 'CacheItem<any>'. Did you mean to write '_data'?
src/services/PerformanceManager.ts(72,33): error TS2304: Cannot find name 'key'.
src/services/PerformanceManager.ts(77,25): error TS2304: Cannot find name 'key'.
src/services/PerformanceManager.ts(81,17): error TS2551: Property 'data' does not exist on type 'CacheItem<any>'. Did you mean '_data'?
src/services/PerformanceManager.ts(110,32): error TS2304: Cannot find name 'point'.
src/services/PerformanceManager.ts(111,33): error TS2304: Cannot find name 'point'.
src/services/PerformanceManager.ts(129,7): error TS2304: Cannot find name 'newPoint'.
src/services/PerformanceManager.ts(130,7): error TS2304: Cannot find name 'newPoint'.
src/services/PerformanceManager.ts(134,22): error TS2304: Cannot find name 'newPoint'.
src/services/PerformanceManager.ts(146,17): error TS2304: Cannot find name 'lat1'.
src/services/PerformanceManager.ts(147,17): error TS2304: Cannot find name 'lat2'.
src/services/PerformanceManager.ts(148,18): error TS2304: Cannot find name 'lat2'.
src/services/PerformanceManager.ts(148,25): error TS2304: Cannot find name 'lat1'.
src/services/PerformanceManager.ts(149,18): error TS2304: Cannot find name 'lon2'.
src/services/PerformanceManager.ts(149,25): error TS2304: Cannot find name 'lon1'.
src/services/PerformanceManager.ts(168,9): error TS2304: Cannot find name 'points'.
src/services/PerformanceManager.ts(168,35): error TS2304: Cannot find name 'points'.
src/services/PerformanceManager.ts(172,7): error TS2304: Cannot find name 'points'.
src/services/PerformanceManager.ts(174,7): error TS2304: Cannot find name 'points'.
src/services/PerformanceManager.ts(175,7): error TS2304: Cannot find name 'tolerance'.
src/services/PerformanceManager.ts(189,9): error TS2304: Cannot find name 'end'.
src/services/PerformanceManager.ts(189,16): error TS2304: Cannot find name 'start'.
src/services/PerformanceManager.ts(190,7): error TS2304: Cannot find name 'result'.
src/services/PerformanceManager.ts(190,19): error TS2304: Cannot find name 'points'.
src/services/PerformanceManager.ts(190,26): error TS2304: Cannot find name 'start'.
src/services/PerformanceManager.ts(191,11): error TS2304: Cannot find name 'end'.
src/services/PerformanceManager.ts(191,17): error TS2304: Cannot find name 'start'.
src/services/PerformanceManager.ts(191,24): error TS2304: Cannot find name 'result'.
src/services/PerformanceManager.ts(191,36): error TS2304: Cannot find name 'points'.
src/services/PerformanceManager.ts(191,43): error TS2304: Cannot find name 'end'.
src/services/PerformanceManager.ts(196,20): error TS2304: Cannot find name 'start'.
src/services/PerformanceManager.ts(198,18): error TS2304: Cannot find name 'start'.
src/services/PerformanceManager.ts(198,33): error TS2304: Cannot find name 'end'.
src/services/PerformanceManager.ts(200,9): error TS2304: Cannot find name 'points'.
src/services/PerformanceManager.ts(201,9): error TS2304: Cannot find name 'points'.
src/services/PerformanceManager.ts(201,16): error TS2304: Cannot find name 'start'.
src/services/PerformanceManager.ts(202,9): error TS2304: Cannot find name 'points'.
src/services/PerformanceManager.ts(202,16): error TS2304: Cannot find name 'end'.
src/services/PerformanceManager.ts(211,23): error TS2304: Cannot find name 'tolerance'.
src/services/PerformanceManager.ts(212,36): error TS2304: Cannot find name 'points'.
src/services/PerformanceManager.ts(212,44): error TS2304: Cannot find name 'start'.
src/services/PerformanceManager.ts(212,61): error TS2304: Cannot find name 'tolerance'.
src/services/PerformanceManager.ts(212,72): error TS2304: Cannot find name 'result'.
src/services/PerformanceManager.ts(213,36): error TS2304: Cannot find name 'points'.
src/services/PerformanceManager.ts(213,54): error TS2304: Cannot find name 'end'.
src/services/PerformanceManager.ts(213,59): error TS2304: Cannot find name 'tolerance'.
src/services/PerformanceManager.ts(213,70): error TS2304: Cannot find name 'result'.
src/services/PerformanceManager.ts(215,7): error TS2304: Cannot find name 'result'.
src/services/PerformanceManager.ts(215,19): error TS2304: Cannot find name 'points'.
src/services/PerformanceManager.ts(215,26): error TS2304: Cannot find name 'start'.
src/services/PerformanceManager.ts(216,7): error TS2304: Cannot find name 'result'.
src/services/PerformanceManager.ts(216,19): error TS2304: Cannot find name 'points'.
src/services/PerformanceManager.ts(216,26): error TS2304: Cannot find name 'end'.
src/services/PerformanceManager.ts(226,15): error TS2304: Cannot find name 'point'.
src/services/PerformanceManager.ts(226,32): error TS2304: Cannot find name 'lineStart'.
src/services/PerformanceManager.ts(227,15): error TS2304: Cannot find name 'point'.
src/services/PerformanceManager.ts(227,33): error TS2304: Cannot find name 'lineStart'.
src/services/PerformanceManager.ts(228,15): error TS2304: Cannot find name 'lineEnd'.
src/services/PerformanceManager.ts(228,34): error TS2304: Cannot find name 'lineStart'.
src/services/PerformanceManager.ts(229,15): error TS2304: Cannot find name 'lineEnd'.
src/services/PerformanceManager.ts(229,35): error TS2304: Cannot find name 'lineStart'.
src/services/PerformanceManager.ts(242,7): error TS2304: Cannot find name 'xx'.
src/services/PerformanceManager.ts(242,12): error TS2304: Cannot find name 'lineStart'.
src/services/PerformanceManager.ts(243,12): error TS2304: Cannot find name 'lineStart'.
src/services/PerformanceManager.ts(245,7): error TS2304: Cannot find name 'xx'.
src/services/PerformanceManager.ts(245,12): error TS2304: Cannot find name 'lineEnd'.
src/services/PerformanceManager.ts(246,12): error TS2304: Cannot find name 'lineEnd'.
src/services/PerformanceManager.ts(248,7): error TS2304: Cannot find name 'xx'.
src/services/PerformanceManager.ts(248,12): error TS2304: Cannot find name 'lineStart'.
src/services/PerformanceManager.ts(249,12): error TS2304: Cannot find name 'lineStart'.
src/services/PerformanceManager.ts(252,16): error TS2304: Cannot find name 'point'.
src/services/PerformanceManager.ts(252,33): error TS2304: Cannot find name 'xx'.
src/services/PerformanceManager.ts(253,16): error TS2304: Cannot find name 'point'.
src/services/PerformanceManager.ts(270,12): error TS2304: Cannot find name 'trails'.
src/services/PerformanceManager.ts(316,7): error TS2561: Object literal may only specify known properties, but 'cpuUsage' does not exist in type 'PerformanceMetrics'. Did you mean to write '_cpuUsage'?
src/services/PerformanceManager.ts(347,10): error TS2304: Cannot find name 'url'.
src/services/PerformanceManager.ts(347,22): error TS2304: Cannot find name 'url'.
src/services/PerformanceManager.ts(350,23): error TS2304: Cannot find name 'url'.
src/services/PerformanceManager.ts(351,24): error TS2304: Cannot find name 'url'.
src/services/PerformanceManager.ts(394,17): error TS2551: Property 'batterySaver' does not exist on type 'PerformanceMetrics'. Did you mean '_batterySaver'?
src/services/PerformanceManager.ts(403,22): error TS2304: Cannot find name 'trailIds'.
src/services/PrivacyService.ts(94,37): error TS2561: Object literal may only specify known properties, but '_reason' does not exist in type '{ needsUpdate: boolean; reason?: string; }'. Did you mean to write 'reason'?
src/services/PrivacyService.ts(332,9): error TS18004: No value exists in scope for the shorthand property 'dataType'. Either declare one or provide an initializer.
src/services/PrivacyService.ts(333,9): error TS18004: No value exists in scope for the shorthand property 'currentValue'. Either declare one or provide an initializer.
src/services/PrivacyService.ts(334,9): error TS18004: No value exists in scope for the shorthand property 'requestedValue'. Either declare one or provide an initializer.
src/services/PrivacyService.ts(366,9): error TS18004: No value exists in scope for the shorthand property 'processingType'. Either declare one or provide an initializer.
src/services/PrivacyService.ts(462,7): error TS2561: Object literal may only specify known properties, but 'dataMinimization' does not exist in type 'PrivacySettings'. Did you mean to write '_dataMinimization'?
src/services/PrivacyService.ts(469,29): error TS2304: Cannot find name 'request'.
src/services/TrailService.ts(23,5): error TS2561: Object literal may only specify known properties, but 'startTime' does not exist in type 'TrailRecordingState'. Did you mean to write '_startTime'?
src/services/TrailService.ts(39,29): error TS2551: Property 'isRecording' does not exist on type 'TrailRecordingState'. Did you mean '_isRecording'?
src/services/TrailService.ts(47,7): error TS2353: Object literal may only specify known properties, and '_id' does not exist in type '{ id?: string; name?: string; description?: string; metadata?: { distance?: number; duration?: number; avgSpeed?: number; maxSpeed?: number; elevationGain?: number; elevationLoss?: number; }; userId?: string; trackPoints?: { ...; }[]; isPublic?: boolean; createdAt?: Date; updatedAt?: Date; }'.
src/services/TrailService.ts(57,7): error TS2561: Object literal may only specify known properties, but 'isRecording' does not exist in type 'TrailRecordingState'. Did you mean to write '_isRecording'?
src/services/TrailService.ts(73,30): error TS2551: Property 'isRecording' does not exist on type 'TrailRecordingState'. Did you mean '_isRecording'?
src/services/TrailService.ts(73,66): error TS2551: Property 'currentTrail' does not exist on type 'TrailRecordingState'. Did you mean '_currentTrail'?
src/services/TrailService.ts(81,7): error TS2561: Object literal may only specify known properties, but 'isRecording' does not exist in type 'TrailRecordingState'. Did you mean to write '_isRecording'?
src/services/TrailService.ts(97,30): error TS2551: Property 'isRecording' does not exist on type 'TrailRecordingState'. Did you mean '_isRecording'?
src/services/TrailService.ts(97,66): error TS2551: Property 'currentTrail' does not exist on type 'TrailRecordingState'. Did you mean '_currentTrail'?
src/services/TrailService.ts(101,37): error TS2304: Cannot find name 'point'.
src/services/TrailService.ts(110,9): error TS2304: Cannot find name 'point'.
src/services/TrailService.ts(111,9): error TS2304: Cannot find name 'point'.
src/services/TrailService.ts(117,29): error TS2551: Property 'startTime' does not exist on type 'TrailRecordingState'. Did you mean '_startTime'?
src/services/TrailService.ts(118,27): error TS2551: Property 'duration' does not exist on type 'TrailRecordingState'. Did you mean '_duration'?
src/services/TrailService.ts(118,71): error TS2551: Property 'startTime' does not exist on type 'TrailRecordingState'. Did you mean '_startTime'?
src/services/TrailService.ts(122,25): error TS2551: Property 'currentTrail' does not exist on type 'TrailRecordingState'. Did you mean '_currentTrail'?
src/services/TrailService.ts(133,25): error TS2551: Property 'currentTrail' does not exist on type 'TrailRecordingState'. Did you mean '_currentTrail'?
src/services/TrailService.ts(135,48): error TS2551: Property 'duration' does not exist on type 'TrailRecordingState'. Did you mean '_duration'?
src/services/TrailService.ts(147,39): error TS2551: Property 'currentTrail' does not exist on type 'TrailRecordingState'. Did you mean '_currentTrail'?
src/services/TrailService.ts(186,49): error TS2304: Cannot find name 'trail'.
src/services/TrailService.ts(232,59): error TS2304: Cannot find name 'trailId'.
src/services/TrailService.ts(253,17): error TS2304: Cannot find name 'lat1'.
src/services/TrailService.ts(254,17): error TS2304: Cannot find name 'lat2'.
src/services/TrailService.ts(255,18): error TS2304: Cannot find name 'lat2'.
src/services/TrailService.ts(255,25): error TS2304: Cannot find name 'lat1'.
src/services/TrailService.ts(256,18): error TS2304: Cannot find name 'lon2'.
src/services/TrailService.ts(256,25): error TS2304: Cannot find name 'lon1'.
src/ui/index.tsx(126,36): error TS2339: Property 'md' does not exist on type '{ _xs: number; _sm: number; _md: number; _lg: number; _xl: number; xxl?: number; xxxl?: number; }'.
src/ui/index.tsx(127,38): error TS2339: Property 'lg' does not exist on type '{ _xs: number; _sm: number; _md: number; _lg: number; _xl: number; xxl?: number; xxxl?: number; }'.
src/ui/index.tsx(128,38): error TS2339: Property 'md' does not exist on type '{ _sm: number; _md: number; _lg: number; xl?: number; full?: number; }'.
src/ui/index.tsx(131,14): error TS2304: Cannot find name 'disabled'.
src/ui/index.tsx(135,41): error TS2339: Property 'md' does not exist on type '{ _xs: number; _sm: number; _md: number; _lg: number; _xl: number; _xxl: number; _xxxl: number; }'.
src/ui/index.tsx(139,11): error TS2304: Cannot find name 'variant'.
src/ui/index.tsx(211,9): error TS2353: Object literal may only specify known properties, and 'xs' does not exist in type '{ _xs: number; _sm: number; _md: number; _lg: number; _xl: number; _xxl: number; _xxxl: number; }'.
src/ui/index.tsx(233,7): error TS2353: Object literal may only specify known properties, and 'xs' does not exist in type '{ _xs: number; _sm: number; _md: number; _lg: number; _xl: number; xxl?: number; xxxl?: number; }'.
src/ui/index.tsx(242,7): error TS2353: Object literal may only specify known properties, and 'sm' does not exist in type '{ _sm: number; _md: number; _lg: number; xl?: number; full?: number; }'.
src/ui/modernTheme.tsx(52,7): error TS2561: Object literal may only specify known properties, but '_xxl' does not exist in type '{ _xs: number; _sm: number; _md: number; _lg: number; _xl: number; xxl?: number; xxxl?: number; }'. Did you mean to write '_xl'?
src/ui/modernTheme.tsx(59,7): error TS2353: Object literal may only specify known properties, and '_xl' does not exist in type '{ _sm: number; _md: number; _lg: number; xl?: number; full?: number; }'.
src/ui/modernTheme.tsx(149,42): error TS2339: Property 'lg' does not exist on type '{ _sm: number; _md: number; _lg: number; xl?: number; full?: number; }'.
src/ui/modernTheme.tsx(154,42): error TS2339: Property 'lg' does not exist on type '{ _sm: number; _md: number; _lg: number; xl?: number; full?: number; }'.
src/utils/logger.ts(20,32): error TS2552: Cannot find name 'message'. Did you mean '_message'?
src/utils/logger.ts(20,46): error TS2552: Cannot find name 'args'. Did you mean '_args'?
src/utils/logger.ts(27,31): error TS2552: Cannot find name 'message'. Did you mean '_message'?
src/utils/logger.ts(27,45): error TS2552: Cannot find name 'args'. Did you mean '_args'?
src/utils/logger.ts(34,33): error TS2552: Cannot find name 'message'. Did you mean '_message'?
src/utils/logger.ts(34,47): error TS2552: Cannot find name 'args'. Did you mean '_args'?
src/utils/trailUtils.ts(51,24): error TS2304: Cannot find name 'trails'.
src/utils/trailUtils.ts(68,7): error TS2304: Cannot find name 'filters'.
src/utils/trailUtils.ts(69,19): error TS2304: Cannot find name 'filters'.
src/utils/trailUtils.ts(79,7): error TS2304: Cannot find name 'filters'.
src/utils/trailUtils.ts(81,39): error TS2304: Cannot find name 'filters'.
src/utils/trailUtils.ts(86,7): error TS2304: Cannot find name 'filters'.
src/utils/trailUtils.ts(88,37): error TS2304: Cannot find name 'filters'.
src/utils/trailUtils.ts(93,23): error TS2304: Cannot find name 'filters'.
src/utils/trailUtils.ts(94,31): error TS2304: Cannot find name 'filters'.
src/utils/trailUtils.ts(103,7): error TS2304: Cannot find name 'filters'.
src/utils/trailUtils.ts(105,34): error TS2304: Cannot find name 'filters'.
src/utils/trailUtils.ts(110,7): error TS2304: Cannot find name 'filters'.
src/utils/trailUtils.ts(136,3): error TS2561: Object literal may only specify known properties, but '_maxDistance' does not exist in type 'TrailFilters'. Did you mean to write 'maxDistance'?
src/utils/trailUtils.ts(155,30): error TS2304: Cannot find name 'trails'.
src/utils/trailUtils.ts(177,7): error TS2304: Cannot find name 'meters'.
src/utils/trailUtils.ts(178,26): error TS2304: Cannot find name 'meters'.
src/utils/trailUtils.ts(180,14): error TS2304: Cannot find name 'meters'.
src/utils/trailUtils.ts(189,28): error TS2304: Cannot find name 'minutes'.
src/utils/trailUtils.ts(190,16): error TS2304: Cannot find name 'minutes'.
src/utils/trailUtils.ts(269,23): error TS2304: Cannot find name 'trails'.
src/utils/trailUtils.ts(270,25): error TS2304: Cannot find name 'trails'.
src/utils/trailUtils.ts(272,5): error TS2304: Cannot find name 'trails'.
src/utils/trailUtils.ts(273,32): error TS2304: Cannot find name 'trails'.
src/utils/trailUtils.ts(277,27): error TS2304: Cannot find name 'trails'.
src/utils/trailUtils.ts(285,25): error TS2304: Cannot find name 'trails'.
